ARM Linker, 5.03 [Build 76] [MDK-ARM Standard]

==============================================================================

Section Cross References

    main.o(.text) refers to delay.o(.text) for delay_init
    main.o(.text) refers to usart.o(.text) for uart_init
    main.o(.text) refers to system.o(.text) for NVIC_Configuration
    main.o(.text) refers to timer.o(.text) for Nvic_Init
    main.o(.text) refers to beep.o(.text) for BEEP_Init
    main.o(.text) refers to exti.o(.text) for EXTIX_Init
    main.o(.text) refers to led.o(.text) for LED_Init
    main.o(.text) refers to key.o(.text) for KEY_Init
    main.o(.text) refers to lcd.o(.text) for LCD_Init
    main.o(.text) refers to adc.o(.text) for Adc_Init
    main.o(.text) refers to dht11.o(.text) for DHT11_Init
    main.o(.text) refers to stm32f10x_tim.o(.text) for TIM_Cmd
    main.o(.text) refers to loop.o(.text) for loop
    main.o(.text) refers to lcd.o(.data) for POINT_COLOR
    stm32f10x_it.o(.text) refers to fire.o(.text) for FIRE_init
    stm32f10x_it.o(.text) refers to loop.o(.text) for Time_slice
    stm32f10x_it.o(.text) refers to figure.o(.text) for Figure_Test
    stm32f10x_it.o(.text) refers to lcd.o(.text) for LCD_ShowString
    stm32f10x_it.o(.text) refers to main.o(.data) for mark
    stm32f10x_it.o(.text) refers to figure.o(.data) for modeflag
    figure.o(.text) refers to usart.o(.text) for USART2_SendByte
    figure.o(.text) refers to delay.o(.text) for delay_ms
    figure.o(.text) refers to lcd.o(.text) for LCD_ShowString
    figure.o(.text) refers to servo.o(.text) for Open_door
    figure.o(.text) refers to figure.o(.bss) for dat
    figure.o(.text) refers to figure.o(.data) for GIMG
    figure.o(.text) refers to main.o(.data) for mark
    key.o(.text) refers to stm32f10x_rcc.o(.text) for RCC_APB2PeriphClockCmd
    key.o(.text) refers to stm32f10x_gpio.o(.text) for GPIO_Init
    lcd.o(.text) refers to stm32f10x_gpio.o(.text) for GPIO_ResetBits
    lcd.o(.text) refers to delay.o(.text) for delay_us
    lcd.o(.text) refers to lcd.o(.bss) for lcddev
    lcd.o(.text) refers to lcd.o(.data) for POINT_COLOR
    lcd.o(.text) refers to stm32f10x_rcc.o(.text) for RCC_APB2PeriphClockCmd
    lcd.o(.text) refers to printf5.o(i.__0printf$5) for __2printf
    lcd.o(.text) refers to lcd.o(.constdata) for asc2_1206
    led.o(.text) refers to stm32f10x_rcc.o(.text) for RCC_APB2PeriphClockCmd
    led.o(.text) refers to stm32f10x_gpio.o(.text) for GPIO_Init
    beep.o(.text) refers to stm32f10x_rcc.o(.text) for RCC_APB2PeriphClockCmd
    beep.o(.text) refers to stm32f10x_gpio.o(.text) for GPIO_Init
    beep.o(.text) refers to delay.o(.text) for delay_ms
    exti.o(.text) refers to stm32f10x_rcc.o(.text) for RCC_APB2PeriphClockCmd
    exti.o(.text) refers to stm32f10x_gpio.o(.text) for GPIO_Init
    exti.o(.text) refers to stm32f10x_exti.o(.text) for EXTI_Init
    exti.o(.text) refers to misc.o(.text) for NVIC_Init
    exti.o(.text) refers to figure.o(.data) for clearallflag
    servo.o(.text) refers to stm32f10x_usart.o(.text) for USART_SendData
    servo.o(.text) refers to delay.o(.text) for delay_ms
    servo.o(.text) refers to servo.o(.data) for paramenter_ang_spe
    servo.o(.text) refers to servo.o(.bss) for final
    timer.o(.text) refers to stm32f10x_rcc.o(.text) for RCC_APB1PeriphClockCmd
    timer.o(.text) refers to stm32f10x_tim.o(.text) for TIM_DeInit
    timer.o(.text) refers to misc.o(.text) for NVIC_Init
    loop.o(.text) refers to dht11.o(.text) for DHT11_test
    loop.o(.text) refers to smoke.o(.text) for smoke
    loop.o(.text) refers to loop.o(.data) for flag
    adc.o(.text) refers to stm32f10x_rcc.o(.text) for RCC_APB2PeriphClockCmd
    adc.o(.text) refers to stm32f10x_gpio.o(.text) for GPIO_Init
    adc.o(.text) refers to stm32f10x_adc.o(.text) for ADC_DeInit
    adc.o(.text) refers to delay.o(.text) for delay_ms
    dht11.o(.text) refers to delay.o(.text) for delay_ms
    dht11.o(.text) refers to stm32f10x_rcc.o(.text) for RCC_APB2PeriphClockCmd
    dht11.o(.text) refers to stm32f10x_gpio.o(.text) for GPIO_Init
    dht11.o(.text) refers to lcd.o(.text) for LCD_ShowNum
    dht11.o(.text) refers to dht11.o(.data) for humidity
    fire.o(.text) refers to stm32f10x_gpio.o(.text) for GPIO_ReadInputDataBit
    fire.o(.text) refers to delay.o(.text) for delay_ms
    smoke.o(.text) refers to adc.o(.text) for Get_Adc_Average
    smoke.o(.text) refers to lcd.o(.text) for LCD_ShowxNum
    smoke.o(.text) refers to smoke.o(.data) for adcx
    delay.o(.text) refers to misc.o(.text) for SysTick_CLKSourceConfig
    delay.o(.text) refers to delay.o(.data) for fac_us
    system.o(.text) refers to misc.o(.text) for NVIC_PriorityGroupConfig
    usart.o(.text) refers to stm32f10x_rcc.o(.text) for RCC_APB2PeriphClockCmd
    usart.o(.text) refers to stm32f10x_gpio.o(.text) for GPIO_Init
    usart.o(.text) refers to stm32f10x_usart.o(.text) for USART_Init
    stm32f10x_gpio.o(.text) refers to stm32f10x_rcc.o(.text) for RCC_APB2PeriphResetCmd
[...]
    printf1.o(i.__0vprintf$1) refers to usart.o(.text) for fputc
    printf1.o(i.__0vprintf$1) refers to usart.o(.data) for __stdout
    printf1.o(i.__0vsnprintf$1) refers to printf1.o(i._printf_core) for _printf_core
    printf1.o(i.__0vsnprintf$1) refers to printf1.o(i._snputc) for _snputc
    printf1.o(i.__0vsprintf$1) refers to printf1.o(i._printf_core) for _printf_core
    printf1.o(i.__0vsprintf$1) refers to printf1.o(i._sputc) for _sputc
    printf1.o(i._printf_core) refers to uidiv.o(.text) for __aeabi_uidivmod
    printf2.o(i.__0fprintf$2) refers to printf2.o(i._printf_core) for _printf_core
    printf2.o(i.__0fprintf$2) refers to usart.o(.text) for fputc
    printf2.o(i.__0printf$2) refers to printf2.o(i._printf_core) for _printf_core
    printf2.o(i.__0printf$2) refers to usart.o(.text) for fputc
    printf2.o(i.__0printf$2) refers to usart.o(.data) for __stdout
    printf2.o(i.__0snprintf$2) refers to printf2.o(i._printf_core) for _printf_core
    printf2.o(i.__0snprintf$2) refers to printf2.o(i._snputc) for _snputc
    printf2.o(i.__0sprintf$2) refers to printf2.o(i._printf_core) for _printf_core
    printf2.o(i.__0sprintf$2) refers to printf2.o(i._sputc) for _sputc
    printf2.o(i.__0vfprintf$2) refers to printf2.o(i._printf_core) for _printf_core
    printf2.o(i.__0vfprintf$2) refers to usart.o(.text) for fputc
    printf2.o(i.__0vprintf$2) refers to printf2.o(i._printf_core) for _printf_core
    printf2.o(i.__0vprintf$2) refers to usart.o(.text) for fputc
    printf2.o(i.__0vprintf$2) refers to usart.o(.data) for __stdout
    printf2.o(i.__0vsnprintf$2) refers to printf2.o(i._printf_core) for _printf_core
    printf2.o(i.__0vsnprintf$2) refers to printf2.o(i._snputc) for _snputc
    printf2.o(i.__0vsprintf$2) refers to printf2.o(i._printf_core) for _printf_core
    printf2.o(i.__0vsprintf$2) refers to printf2.o(i._sputc) for _sputc
    printf3.o(i.__0fprintf$3) refers to printf3.o(i._printf_core) for _printf_core
    printf3.o(i.__0fprintf$3) refers to usart.o(.text) for fputc
    printf3.o(i.__0printf$3) refers to printf3.o(i._printf_core) for _printf_core
    printf3.o(i.__0printf$3) refers to usart.o(.text) for fputc
    printf3.o(i.__0printf$3) refers to usart.o(.data) for __stdout
    printf3.o(i.__0snprintf$3) refers to printf3.o(i._printf_core) for _printf_core
    printf3.o(i.__0snprintf$3) refers to printf3.o(i._snputc) for _snputc
    printf3.o(i.__0sprintf$3) refers to printf3.o(i._printf_core) for _printf_core
    printf3.o(i.__0sprintf$3) refers to printf3.o(i._sputc) for _sputc
    printf3.o(i.__0vfprintf$3) refers to printf3.o(i._printf_core) for _printf_core
    printf3.o(i.__0vfprintf$3) refers to usart.o(.text) for fputc
    printf3.o(i.__0vprintf$3) refers to printf3.o(i._printf_core) for _printf_core
    printf3.o(i.__0vprintf$3) refers to usart.o(.text) for fputc
    printf3.o(i.__0vprintf$3) refers to usart.o(.data) for __stdout
    printf3.o(i.__0vsnprintf$3) refers to printf3.o(i._printf_core) for _printf_core
    printf3.o(i.__0vsnprintf$3) refers to printf3.o(i._snputc) for _snputc
    printf3.o(i.__0vsprintf$3) refers to printf3.o(i._printf_core) for _printf_core
    printf3.o(i.__0vsprintf$3) refers to printf3.o(i._sputc) for _sputc
    printf3.o(i._printf_core) refers to uidiv.o(.text) for __aeabi_uidivmod
    printf4.o(i.__0fprintf$4) refers to printf4.o(i._printf_core) for _printf_core
    printf4.o(i.__0fprintf$4) refers to usart.o(.text) for fputc
    printf4.o(i.__0printf$4) refers to printf4.o(i._printf_core) for _printf_core
    printf4.o(i.__0printf$4) refers to usart.o(.text) for fputc
    printf4.o(i.__0printf$4) refers to usart.o(.data) for __stdout
    printf4.o(i.__0snprintf$4) refers to printf4.o(i._printf_core) for _printf_core
    printf4.o(i.__0snprintf$4) refers to printf4.o(i._snputc) for _snputc
    printf4.o(i.__0sprintf$4) refers to printf4.o(i._printf_core) for _printf_core
    printf4.o(i.__0sprintf$4) refers to printf4.o(i._sputc) for _sputc
    printf4.o(i.__0vfprintf$4) refers to printf4.o(i._printf_core) for _printf_core
    printf4.o(i.__0vfprintf$4) refers to usart.o(.text) for fputc
    printf4.o(i.__0vprintf$4) refers to printf4.o(i._printf_core) for _printf_core
    printf4.o(i.__0vprintf$4) refers to usart.o(.text) for fputc
    printf4.o(i.__0vprintf$4) refers to usart.o(.data) for __stdout
    printf4.o(i.__0vsnprintf$4) refers to printf4.o(i._printf_core) for _printf_core
    printf4.o(i.__0vsnprintf$4) refers to printf4.o(i._snputc) for _snputc
    printf4.o(i.__0vsprintf$4) refers to printf4.o(i._printf_core) for _printf_core
    printf4.o(i.__0vsprintf$4) refers to printf4.o(i._sputc) for _sputc
    printf4.o(i._printf_core) refers to uldiv.o(.text) for __aeabi_uldivmod
    printf5.o(i.__0fprintf$5) refers to printf5.o(i._printf_core) for _printf_core
    printf5.o(i.__0fprintf$5) refers to usart.o(.text) for fputc
    printf5.o(i.__0printf$5) refers to printf5.o(i._printf_core) for _printf_core
    printf5.o(i.__0printf$5) refers to usart.o(.text) for fputc
    printf5.o(i.__0printf$5) refers to usart.o(.data) for __stdout
    printf5.o(i.__0snprintf$5) refers to printf5.o(i._printf_core) for _printf_core
    printf5.o(i.__0snprintf$5) refers to printf5.o(i._snputc) for _snputc
    printf5.o(i.__0sprintf$5) refers to printf5.o(i._printf_core) for _printf_core
    printf5.o(i.__0sprintf$5) refers to printf5.o(i._sputc) for _sputc
    printf5.o(i.__0vfprintf$5) refers to printf5.o(i._printf_core) for _printf_core
    printf5.o(i.__0vfprintf$5) refers to usart.o(.text) for fputc
    printf5.o(i.__0vprintf$5) refers to printf5.o(i._printf_core) for _printf_core
    printf5.o(i.__0vprintf$5) refers to usart.o(.text) for fputc
    printf5.o(i.__0vprintf$5) refers to usart.o(.data) for __stdout
    printf5.o(i.__0vsnprintf$5) refers to printf5.o(i._printf_core) for _printf_core
    printf5.o(i.__0vsnprintf$5) refers to printf5.o(i._snputc) for _snputc
    printf5.o(i.__0vsprintf$5) refers to printf5.o(i._printf_core) for _printf_core
    printf5.o(i.__0vsprintf$5) refers to printf5.o(i._sputc) for _sputc
    printf5.o(i._printf_core) refers to uldiv.o(.text) for __aeabi_uldivmod
    printf6.o(i.__0fprintf$6) refers to printf6.o(i._printf_core) for _printf_core
    printf6.o(i.__0fprintf$6) refers to usart.o(.text) for fputc
    printf6.o(i.__0printf$6) refers to printf6.o(i._printf_core) for _printf_core
    printf6.o(i.__0printf$6) refers to usart.o(.text) for fputc
    printf6.o(i.__0printf$6) refers to usart.o(.data) for __stdout
    printf6.o(i.__0snprintf$6) refers to printf6.o(i._printf_core) for _printf_core
    printf6.o(i.__0snprintf$6) refers to printf6.o(i._snputc) for _snputc
    printf6.o(i.__0sprintf$6) refers to printf6.o(i._printf_core) for _printf_core
    printf6.o(i.__0sprintf$6) refers to printf6.o(i._sputc) for _sputc
    printf6.o(i.__0vfprintf$6) refers to printf6.o(i._printf_core) for _printf_core
    printf6.o(i.__0vfprintf$6) refers to usart.o(.text) for fputc
    printf6.o(i.__0vprintf$6) refers to printf6.o(i._printf_core) for _printf_core
    printf6.o(i.__0vprintf$6) refers to usart.o(.text) for fputc
    printf6.o(i.__0vprintf$6) refers to usart.o(.data) for __stdout
    printf6.o(i.__0vsnprintf$6) refers to printf6.o(i._printf_core) for _printf_core
    printf6.o(i.__0vsnprintf$6) refers to printf6.o(i._snputc) for _snputc
    printf6.o(i.__0vsprintf$6) refers to printf6.o(i._printf_core) for _printf_core
    printf6.o(i.__0vsprintf$6) refers to printf6.o(i._sputc) for _sputc
    printf6.o(i._printf_core) refers to printf6.o(i._printf_pre_padding) for _printf_pre_padding
    printf6.o(i._printf_core) refers to uidiv.o(.text) for __aeabi_uidivmod
    printf6.o(i._printf_core) refers to printf6.o(i._printf_post_padding) for _printf_post_padding
    printf7.o(i.__0fprintf$7) refers to printf7.o(i._printf_core) for _printf_core
    printf7.o(i.__0fprintf$7) refers to usart.o(.text) for fputc
    printf7.o(i.__0printf$7) refers to printf7.o(i._printf_core) for _printf_core
    printf7.o(i.__0printf$7) refers to usart.o(.text) for fputc
    printf7.o(i.__0printf$7) refers to usart.o(.data) for __stdout
    printf7.o(i.__0snprintf$7) refers to printf7.o(i._printf_core) for _printf_core
    printf7.o(i.__0snprintf$7) refers to printf7.o(i._snputc) for _snputc
    printf7.o(i.__0sprintf$7) refers to printf7.o(i._printf_core) for _printf_core
    printf7.o(i.__0sprintf$7) refers to printf7.o(i._sputc) for _sputc
    printf7.o(i.__0vfprintf$7) refers to printf7.o(i._printf_core) for _printf_core
    printf7.o(i.__0vfprintf$7) refers to usart.o(.text) for fputc
    printf7.o(i.__0vprintf$7) refers to printf7.o(i._printf_core) for _printf_core
    printf7.o(i.__0vprintf$7) refers to usart.o(.text) for fputc
    printf7.o(i.__0vprintf$7) refers to usart.o(.data) for __stdout
    printf7.o(i.__0vsnprintf$7) refers to printf7.o(i._printf_core) for _printf_core
    printf7.o(i.__0vsnprintf$7) refers to printf7.o(i._snputc) for _snputc
    printf7.o(i.__0vsprintf$7) refers to printf7.o(i._printf_core) for _printf_core
    printf7.o(i.__0vsprintf$7) refers to printf7.o(i._sputc) for _sputc
    printf7.o(i._printf_core) refers to printf7.o(i._printf_pre_padding) for _printf_pre_padding
    printf7.o(i._printf_core) refers to uldiv.o(.text) for __aeabi_uldivmod
    printf7.o(i._printf_core) refers to printf7.o(i._printf_post_padding) for _printf_post_padding
    printf8.o(i.__0fprintf$8) refers to printf8.o(i._printf_core) for _printf_core
    printf8.o(i.__0fprintf$8) refers to usart.o(.text) for fputc
    printf8.o(i.__0printf$8) refers to printf8.o(i._printf_core) for _printf_core
    printf8.o(i.__0printf$8) refers to usart.o(.text) for fputc
    printf8.o(i.__0printf$8) refers to usart.o(.data) for __stdout
    printf8.o(i.__0snprintf$8) refers to printf8.o(i._printf_core) for _printf_core
    printf8.o(i.__0snprintf$8) refers to printf8.o(i._snputc) for _snputc
    printf8.o(i.__0sprintf$8) refers to printf8.o(i._printf_core) for _printf_core
    printf8.o(i.__0sprintf$8) refers to printf8.o(i._sputc) for _sputc
    printf8.o(i.__0vfprintf$8) refers to printf8.o(i._printf_core) for _printf_core
    printf8.o(i.__0vfprintf$8) refers to usart.o(.text) for fputc
    printf8.o(i.__0vprintf$8) refers to printf8.o(i._printf_core) for _printf_core
    printf8.o(i.__0vprintf$8) refers to usart.o(.text) for fputc
    printf8.o(i.__0vprintf$8) refers to usart.o(.data) for __stdout
    printf8.o(i.__0vsnprintf$8) refers to printf8.o(i._printf_core) for _printf_core
    printf8.o(i.__0vsnprintf$8) refers to printf8.o(i._snputc) for _snputc
    printf8.o(i.__0vsprintf$8) refers to printf8.o(i._printf_core) for _printf_core
    printf8.o(i.__0vsprintf$8) refers to printf8.o(i._sputc) for _sputc
    printf8.o(i._printf_core) refers to printf8.o(i._printf_pre_padding) for _printf_pre_padding
    printf8.o(i._printf_core) refers to uldiv.o(.text) for __aeabi_uldivmod
    printf8.o(i._printf_core) refers to printf8.o(i._printf_post_padding) for _printf_post_padding
    printfa.o(i.__0fprintf) refers (Special) to iusefp.o(.text) for __I$use$fp
    printfa.o(i.__0fprintf) refers to printfa.o(i._printf_core) for _printf_core
    printfa.o(i.__0fprintf) refers to usart.o(.text) for fputc
    printfa.o(i.__0printf) refers (Special) to iusefp.o(.text) for __I$use$fp
    printfa.o(i.__0printf) refers to printfa.o(i._printf_core) for _printf_core
    printfa.o(i.__0printf) refers to usart.o(.text) for fputc
    printfa.o(i.__0printf) refers to usart.o(.data) for __stdout
    printfa.o(i.__0snprintf) refers (Special) to iusefp.o(.text) for __I$use$fp
    printfa.o(i.__0snprintf) refers to printfa.o(i._printf_core) for _printf_core
    printfa.o(i.__0snprintf) refers to printfa.o(i._snputc) for _snputc
    printfa.o(i.__0sprintf) refers (Special) to iusefp.o(.text) for __I$use$fp
    printfa.o(i.__0sprintf) refers to printfa.o(i._printf_core) for _printf_core
    printfa.o(i.__0sprintf) refers to printfa.o(i._sputc) for _sputc
    printfa.o(i.__0vfprintf) refers (Special) to iusefp.o(.text) for __I$use$fp
    printfa.o(i.__0vfprintf) refers to printfa.o(i._printf_core) for _printf_core
    printfa.o(i.__0vfprintf) refers to usart.o(.text) for fputc
    printfa.o(i.__0vprintf) refers (Special) to iusefp.o(.text) for __I$use$fp
    printfa.o(i.__0vprintf) refers to printfa.o(i._printf_core) for _printf_core
    printfa.o(i.__0vprintf) refers to usart.o(.text) for fputc
    printfa.o(i.__0vprintf) refers to usart.o(.data) for __stdout
    printfa.o(i.__0vsnprintf) refers (Special) to iusefp.o(.text) for __I$use$fp
    printfa.o(i.__0vsnprintf) refers to printfa.o(i._printf_core) for _printf_core
    printfa.o(i.__0vsnprintf) refers to printfa.o(i._snputc) for _snputc
    printfa.o(i.__0vsprintf) refers (Special) to iusefp.o(.text) for __I$use$fp
    printfa.o(i.__0vsprintf) refers to printfa.o(i._printf_core) for _printf_core
    printfa.o(i.__0vsprintf) refers to printfa.o(i._sputc) for _sputc
    printfa.o(i._fp_digits) refers (Special) to iusefp.o(.text) for __I$use$fp
    printfa.o(i._fp_digits) refers to dmul.o(.text) for __aeabi_dmul
    printfa.o(i._fp_digits) refers to ddiv.o(.text) for __aeabi_ddiv
    printfa.o(i._fp_digits) refers to cdrcmple.o(.text) for __aeabi_cdrcmple
    printfa.o(i._fp_digits) refers to dadd.o(.text) for __aeabi_dadd
    printfa.o(i._fp_digits) refers to dfixul.o(.text) for __aeabi_d2ulz
    printfa.o(i._fp_digits) refers to uldiv.o(.text) for __aeabi_uldivmod
    printfa.o(i._printf_core) refers (Special) to iusefp.o(.text) for __I$use$fp
    printfa.o(i._printf_core) refers to printfa.o(i._printf_pre_padding) for _printf_pre_padding
    printfa.o(i._printf_core) refers to uldiv.o(.text) for __aeabi_uldivmod
    printfa.o(i._printf_core) refers to printfa.o(i._printf_post_padding) for _printf_post_padding
    printfa.o(i._printf_core) refers to printfa.o(i._fp_digits) for _fp_digits
    printfa.o(i._printf_core) refers to uidiv.o(.text) for __aeabi_uidivmod
    printfa.o(i._printf_post_padding) refers (Special) to iusefp.o(.text) for __I$use$fp
    printfa.o(i._printf_pre_padding) refers (Special) to iusefp.o(.text) for __I$use$fp
    printfa.o(i._snputc) refers (Special) to iusefp.o(.text) for __I$use$fp
    printfa.o(i._sputc) refers (Special) to iusefp.o(.text) for __I$use$fp
    entry2.o(.ARM.Collect$$$$00000001) refers to entry2.o(.ARM.Collect$$$$00002712) for __lit__00000000
    entry2.o(.ARM.Collect$$$$00002712) refers to startup_stm32f10x_hd.o(STACK) for __initial_sp
    entry2.o(__vectab_stack_and_reset_area) refers to startup_stm32f10x_hd.o(STACK) for __initial_sp
    entry2.o(__vectab_stack_and_reset_area) refers to entry.o(.ARM.Collect$$$$00000000) for __main
    entry5.o(.ARM.Collect$$$$00000004) refers to init.o(.text) for __scatterload
    entry9a.o(.ARM.Collect$$$$0000000B) refers to main.o(.text) for main
    entry9b.o(.ARM.Collect$$$$0000000C) refers to main.o(.text) for main
    uldiv.o(.text) refers to llushr.o(.text) for __aeabi_llsr
    uldiv.o(.text) refers to llshl.o(.text) for __aeabi_llsl
    dadd.o(.text) refers to llshl.o(.text) for __aeabi_llsl
    dadd.o(.text) refers to llsshr.o(.text) for __aeabi_lasr
    dadd.o(.text) refers to depilogue.o(.text) for _double_epilogue
    dmul.o(.text) refers to depilogue.o(.text) for _double_epilogue
    ddiv.o(.text) refers to depilogue.o(.text) for _double_round
    dfixul.o(.text) refers to llushr.o(.text) for __aeabi_llsr
    dfixul.o(.text) refers to llshl.o(.text) for __aeabi_llsl
    init.o(.text) refers to entry5.o(.ARM.Collect$$$$00000004) for __main_after_scatterload
    depilogue.o(.text) refers to llshl.o(.text) for __aeabi_llsl
    depilogue.o(.text) refers to llushr.o(.text) for __aeabi_llsr


==============================================================================

Removing Unused input sections from the image.

    Removing stm32f10x_it.o(.data), (125 bytes).
    Removing key.o(.data), (125 bytes).
    Removing led.o(.data), (125 bytes).
    Removing beep.o(.data), (125 bytes).
    Removing exti.o(.data), (125 bytes).
    Removing timer.o(.data), (125 bytes).
    Removing adc.o(.data), (125 bytes).
    Removing fire.o(.data), (126 bytes).
    Removing core_cm3.o(.emb_text), (32 bytes).
    Removing startup_stm32f10x_hd.o(HEAP), (512 bytes).
    Removing dadd.o(.text), (334 bytes).
    Removing dmul.o(.text), (228 bytes).
    Removing ddiv.o(.text), (222 bytes).
    Removing dfixul.o(.text), (48 bytes).
    Removing cdrcmple.o(.text), (40 bytes).
    Removing depilogue.o(.text), (190 bytes).

16 unused section(s) (total 2607 bytes) removed from the image.

==============================================================================

Image Symbol Table

    Local Symbols

    Symbol Name                              Value     Ov Type        Size  Object(Section)

    ../clib/../cmprslib/zerorunl2.c          0x00000000   Number         0  __dczerorl2.o ABSOLUTE
    ../clib/microlib/division.c              0x00000000   Number         0  uldiv.o ABSOLUTE
    ../clib/microlib/division.c              0x00000000   Number         0  uidiv.o ABSOLUTE
    ../clib/microlib/init/entry.s            0x00000000   Number         0  entry.o ABSOLUTE
    ../clib/microlib/init/entry.s            0x00000000   Number         0  entry9a.o ABSOLUTE
    ../clib/microlib/init/entry.s            0x00000000   Number         0  entry9b.o ABSOLUTE
    ../clib/microlib/init/entry.s            0x00000000   Number         0  entry11a.o ABSOLUTE
    ../clib/microlib/init/entry.s            0x00000000   Number         0  entry8a.o ABSOLUTE
    ../clib/microlib/init/entry.s            0x00000000   Number         0  entry2.o ABSOLUTE
    ../clib/microlib/init/entry.s            0x00000000   Number         0  entry5.o ABSOLUTE
    ../clib/microlib/init/entry.s            0x00000000   Number         0  entry8b.o ABSOLUTE
    ../clib/microlib/init/entry.s            0x00000000   Number         0  entry10a.o ABSOLUTE
    ../clib/microlib/init/entry.s            0x00000000   Number         0  entry7a.o ABSOLUTE
    ../clib/microlib/init/entry.s            0x00000000   Number         0  entry10b.o ABSOLUTE
    ../clib/microlib/init/entry.s            0x00000000   Number         0  entry7b.o ABSOLUTE
    ../clib/microlib/init/entry.s            0x00000000   Number         0  entry11b.o ABSOLUTE
    ../clib/microlib/longlong.c              0x00000000   Number         0  llsshr.o ABSOLUTE
    ../clib/microlib/longlong.c              0x00000000   Number         0  llushr.o ABSOLUTE
    ../clib/microlib/longlong.c              0x00000000   Number         0  llshl.o ABSOLUTE
    ../clib/microlib/printf/printf.c         0x00000000   Number         0  printfb.o ABSOLUTE
    ../clib/microlib/printf/printf.c         0x00000000   Number         0  printfa.o ABSOLUTE
    ../clib/microlib/printf/printf.c         0x00000000   Number         0  printf8.o ABSOLUTE
    ../clib/microlib/printf/printf.c         0x00000000   Number         0  printf6.o ABSOLUTE
    ../clib/microlib/printf/printf.c         0x00000000   Number         0  printf7.o ABSOLUTE
    ../clib/microlib/printf/printf.c         0x00000000   Number         0  printf5.o ABSOLUTE
    ../clib/microlib/printf/printf.c         0x00000000   Number         0  printf4.o ABSOLUTE
    ../clib/microlib/printf/printf.c         0x00000000   Number         0  printf3.o ABSOLUTE
    ../clib/microlib/printf/printf.c         0x00000000   Number         0  printf2.o ABSOLUTE
    ../clib/microlib/printf/printf.c         0x00000000   Number         0  printf1.o ABSOLUTE
    ../clib/microlib/printf/printf.c         0x00000000   Number         0  printf0.o ABSOLUTE
    ../clib/microlib/printf/stubs.s          0x00000000   Number         0  stubs.o ABSOLUTE
    ../clib/microlib/stubs.s                 0x00000000   Number         0  useno.o ABSOLUTE
    ../clib/microlib/stubs.s                 0x00000000   Number         0  iusefp.o ABSOLUTE
    ../fplib/microlib/fpadd.c                0x00000000   Number         0  dadd.o ABSOLUTE
    ../fplib/microlib/fpdiv.c                0x00000000   Number         0  ddiv.o ABSOLUTE
    ../fplib/microlib/fpepilogue.c           0x00000000   Number         0  depilogue.o ABSOLUTE
    ../fplib/microlib/fpfix.c                0x00000000   Number         0  dfixul.o ABSOLUTE
    ../fplib/microlib/fpmul.c                0x00000000   Number         0  dmul.o ABSOLUTE
    ..\..\CMSIS\CoreSupport\core_cm3.c       0x00000000   Number         0  core_cm3.o ABSOLUTE
    ..\..\CMSIS\STM32F10x\system_stm32f10x.c 0x00000000   Number         0  system_stm32f10x.o ABSOLUTE
    ..\..\Hardware\src\adc.c                 0x00000000   Number         0  adc.o ABSOLUTE
    ..\..\Hardware\src\beep.c                0x00000000   Number         0  beep.o ABSOLUTE
    ..\..\Hardware\src\dht11.c               0x00000000   Number         0  dht11.o ABSOLUTE
    ..\..\Hardware\src\exti.c                0x00000000   Number         0  exti.o ABSOLUTE
    ..\..\Hardware\src\figure.c              0x00000000   Number         0  figure.o ABSOLUTE
    ..\..\Hardware\src\fire.c                0x00000000   Number         0  fire.o ABSOLUTE
    ..\..\Hardware\src\key.c                 0x00000000   Number         0  key.o ABSOLUTE
    ..\..\Hardware\src\lcd.c                 0x00000000   Number         0  lcd.o ABSOLUTE
    ..\..\Hardware\src\led.c                 0x00000000   Number         0  led.o ABSOLUTE
    ..\..\Hardware\src\loop.c                0x00000000   Number         0  loop.o ABSOLUTE
    ..\..\Hardware\src\servo.c               0x00000000   Number         0  servo.o ABSOLUTE
    ..\..\Hardware\src\smoke.c               0x00000000   Number         0  smoke.o ABSOLUTE
    ..\..\Hardware\src\timer.c               0x00000000   Number         0  timer.o ABSOLUTE
    ..\..\Libraries\src\misc.c               0x00000000   Number         0  misc.o ABSOLUTE
    ..\..\Libraries\src\stm32f10x_adc.c      0x00000000   Number         0  stm32f10x_adc.o ABSOLUTE
    ..\..\Libraries\src\stm32f10x_exti.c     0x00000000   Number         0  stm32f10x_exti.o ABSOLUTE
    ..\..\Libraries\src\stm32f10x_gpio.c     0x00000000   Number         0  stm32f10x_gpio.o ABSOLUTE
    ..\..\Libraries\src\stm32f10x_rcc.c      0x00000000   Number         0  stm32f10x_rcc.o ABSOLUTE
    ..\..\Libraries\src\stm32f10x_tim.c      0x00000000   Number         0  stm32f10x_tim.o ABSOLUTE
    ..\..\Libraries\src\stm32f10x_usart.c    0x00000000   Number         0  stm32f10x_usart.o ABSOLUTE
    ..\..\startup\arm\startup_stm32f10x_hd.s 0x00000000   Number         0  startup_stm32f10x_hd.o ABSOLUTE
    ..\..\system\src\delay.c                 0x00000000   Number         0  delay.o ABSOLUTE
    ..\..\system\src\system.c                0x00000000   Number         0  system.o ABSOLUTE
    ..\..\system\src\usart.c                 0x00000000   Number         0  usart.o ABSOLUTE
    ..\..\user\src\main.c                    0x00000000   Number         0  main.o ABSOLUTE
    ..\..\user\src\stm32f10x_it.c            0x00000000   Number         0  stm32f10x_it.o ABSOLUTE
    ..\\..\\CMSIS\\CoreSupport\\core_cm3.c   0x00000000   Number         0  core_cm3.o ABSOLUTE
    cdrcmple.s                               0x00000000   Number         0  cdrcmple.o ABSOLUTE
    dc.s                                     0x00000000   Number         0  dc.o ABSOLUTE
    handlers.s                               0x00000000   Number         0  handlers.o ABSOLUTE
    init.s                                   0x00000000   Number         0  init.o ABSOLUTE
    RESET                                    0x08000000   Section      304  startup_stm32f10x_hd.o(RESET)
    .ARM.Collect$$$$00000000                 0x08000130   Section        0  entry.o(.ARM.Collect$$$$00000000)
    .ARM.Collect$$$$00000001                 0x08000130   Section        4  entry2.o(.ARM.Collect$$$$00000001)
    .ARM.Collect$$$$00000004                 0x08000134   Section        4  entry5.o(.ARM.Collect$$$$00000004)
    .ARM.Collect$$$$00000008                 0x08000138   Section        0  entry7b.o(.ARM.Collect$$$$00000008)
    .ARM.Collect$$$$0000000A                 0x08000138   Section        0  entry8b.o(.ARM.Collect$$$$0000000A)
    .ARM.Collect$$$$0000000B                 0x08000138   Section        8  entry9a.o(.ARM.Collect$$$$0000000B)
    .ARM.Collect$$$$0000000D                 0x08000140   Section        0  entry10a.o(.ARM.Collect$$$$0000000D)
    .ARM.Collect$$$$0000000F                 0x08000140   Section        0  entry11a.o(.ARM.Collect$$$$0000000F)
    .ARM.Collect$$$$00002712                 0x08000140   Section        4  entry2.o(.ARM.Collect$$$$00002712)
    __lit__00000000                          0x08000140   Data           4  entry2.o(.ARM.Collect$$$$00002712)
    .text                                    0x08000144   Section        0  main.o(.text)
    .text                                    0x08000280   Section        0  stm32f10x_it.o(.text)
    .text                                    0x080003bc   Section        0  figure.o(.text)
    .text                                    0x08000934   Section        0  key.o(.text)
    .text                                    0x08000988   Section        0  lcd.o(.text)
    .text                                    0x08006224   Section        0  led.o(.text)
    .text                                    0x08006288   Section        0  beep.o(.text)
    .text                                    0x080062e0   Section        0  exti.o(.text)
    .text                                    0x08006424   Section        0  servo.o(.text)
    .text                                    0x08006568   Section        0  timer.o(.text)
    .text                                    0x080065dc   Section        0  loop.o(.text)
    .text                                    0x08006644   Section        0  adc.o(.text)
    .text                                    0x0800672c   Section        0  dht11.o(.text)
    .text                                    0x08006904   Section        0  fire.o(.text)
    .text                                    0x08006938   Section        0  smoke.o(.text)
    .text                                    0x08006964   Section        0  delay.o(.text)
    .text                                    0x08006a0c   Section        0  system.o(.text)
    .text                                    0x08006a18   Section        0  usart.o(.text)
    .text                                    0x08006b6c   Section        0  misc.o(.text)
    .text                                    0x08006c48   Section        0  stm32f10x_exti.o(.text)
    .text                                    0x08006d64   Section        0  stm32f10x_gpio.o(.text)
    .text                                    0x080070bc   Section        0  stm32f10x_rcc.o(.text)
    .text                                    0x08007460   Section        0  stm32f10x_tim.o(.text)
    TI4_Config                               0x08007907   Thumb Code   130  stm32f10x_tim.o(.text)
    TI3_Config                               0x0800799b   Thumb Code   122  stm32f10x_tim.o(.text)
    TI2_Config                               0x08007a2f   Thumb Code   130  stm32f10x_tim.o(.text)
    TI1_Config                               0x08007ac3   Thumb Code   108  stm32f10x_tim.o(.text)
    .text                                    0x0800827c   Section        0  stm32f10x_usart.o(.text)
    .text                                    0x08008684   Section        0  stm32f10x_adc.o(.text)
    .text                                    0x08008ad4   Section        0  system_stm32f10x.o(.text)
    SetSysClockTo72                          0x08008ad5   Thumb Code   212  system_stm32f10x.o(.text)
    SetSysClock                              0x08008ba9   Thumb Code     8  system_stm32f10x.o(.text)
    .text                                    0x08008cb0   Section       36  startup_stm32f10x_hd.o(.text)
    .text                                    0x08008cd4   Section        0  uldiv.o(.text)
    .text                                    0x08008d38   Section       36  init.o(.text)
    .text                                    0x08008d5c   Section        0  llshl.o(.text)
    .text                                    0x08008d7a   Section        0  llushr.o(.text)
    .text                                    0x08008d9a   Section        0  __dczerorl2.o(.text)
    i.__0printf$5                            0x08008df8   Section        0  printf5.o(i.__0printf$5)
    i.__scatterload_copy                     0x08008e18   Section       14  handlers.o(i.__scatterload_copy)
    i.__scatterload_null                     0x08008e26   Section        2  handlers.o(i.__scatterload_null)
    i.__scatterload_zeroinit                 0x08008e28   Section       14  handlers.o(i.__scatterload_zeroinit)
    i._printf_core                           0x08008e38   Section        0  printf5.o(i._printf_core)
    _printf_core                             0x08008e39   Thumb Code   658  printf5.o(i._printf_core)
    .constdata                               0x080090f8   Section     6080  lcd.o(.constdata)
    .data                                    0x20000000   Section      129  main.o(.data)
    Get_Img                                  0x20000000   Data          12  main.o(.data)
    VPWD                                     0x2000000c   Data          16  main.o(.data)
    DELE_all                                 0x2000001c   Data          12  main.o(.data)
    GIMG                                     0x20000028   Data          14  main.o(.data)
    GENT1                                    0x20000036   Data          13  main.o(.data)
    GENT2                                    0x20000043   Data          13  main.o(.data)
    SEAT                                     0x20000050   Data          17  main.o(.data)
    STOR                                     0x20000061   Data          16  main.o(.data)
    MERG                                     0x20000071   Data          12  main.o(.data)
    .data                                    0x20000084   Section      138  figure.o(.data)
    Get_Img                                  0x20000084   Data          12  figure.o(.data)
    VPWD                                     0x20000090   Data          16  figure.o(.data)
    DELE_all                                 0x200000a0   Data          12  figure.o(.data)
    GIMG                                     0x200000ac   Data          14  figure.o(.data)
    GENT1                                    0x200000ba   Data          13  figure.o(.data)
    GENT2                                    0x200000c7   Data          13  figure.o(.data)
    SEAT                                     0x200000d4   Data          17  figure.o(.data)
    STOR                                     0x200000e5   Data          16  figure.o(.data)
    MERG                                     0x200000f5   Data          12  figure.o(.data)
    .data                                    0x2000010e   Section        4  lcd.o(.data)
    .data                                    0x20000112   Section      132  servo.o(.data)
    Get_Img                                  0x20000112   Data          12  servo.o(.data)
    VPWD                                     0x2000011e   Data          16  servo.o(.data)
    DELE_all                                 0x2000012e   Data          12  servo.o(.data)
    GIMG                                     0x2000013a   Data          14  servo.o(.data)
    GENT1                                    0x20000148   Data          13  servo.o(.data)
    GENT2                                    0x20000155   Data          13  servo.o(.data)
    SEAT                                     0x20000162   Data          17  servo.o(.data)
    STOR                                     0x20000173   Data          16  servo.o(.data)
    MERG                                     0x20000183   Data          12  servo.o(.data)
    .data                                    0x20000196   Section      138  loop.o(.data)
    Get_Img                                  0x20000196   Data          12  loop.o(.data)
    VPWD                                     0x200001a2   Data          16  loop.o(.data)
    DELE_all                                 0x200001b2   Data          12  loop.o(.data)
    GIMG                                     0x200001be   Data          14  loop.o(.data)
    GENT1                                    0x200001cc   Data          13  loop.o(.data)
    GENT2                                    0x200001d9   Data          13  loop.o(.data)
    SEAT                                     0x200001e6   Data          17  loop.o(.data)
    STOR                                     0x200001f7   Data          16  loop.o(.data)
    MERG                                     0x20000207   Data          12  loop.o(.data)
    tick                                     0x20000214   Data           8  loop.o(.data)
    .data                                    0x20000220   Section      127  dht11.o(.data)
    Get_Img                                  0x20000220   Data          12  dht11.o(.data)
    VPWD                                     0x2000022c   Data          16  dht11.o(.data)
    DELE_all                                 0x2000023c   Data          12  dht11.o(.data)
    GIMG                                     0x20000248   Data          14  dht11.o(.data)
    GENT1                                    0x20000256   Data          13  dht11.o(.data)
    GENT2                                    0x20000263   Data          13  dht11.o(.data)
    SEAT                                     0x20000270   Data          17  dht11.o(.data)
    STOR                                     0x20000281   Data          16  dht11.o(.data)
    MERG                                     0x20000291   Data          12  dht11.o(.data)
    .data                                    0x200002a0   Section      128  smoke.o(.data)
    Get_Img                                  0x200002a0   Data          12  smoke.o(.data)
    VPWD                                     0x200002ac   Data          16  smoke.o(.data)
    DELE_all                                 0x200002bc   Data          12  smoke.o(.data)
    GIMG                                     0x200002c8   Data          14  smoke.o(.data)
    GENT1                                    0x200002d6   Data          13  smoke.o(.data)
    GENT2                                    0x200002e3   Data          13  smoke.o(.data)
    SEAT                                     0x200002f0   Data          17  smoke.o(.data)
    STOR                                     0x20000301   Data          16  smoke.o(.data)
    MERG                                     0x20000311   Data          12  smoke.o(.data)
    .data                                    0x20000320   Section        4  delay.o(.data)
    fac_us                                   0x20000320   Data           1  delay.o(.data)
    fac_ms                                   0x20000322   Data           2  delay.o(.data)
    .data                                    0x20000324   Section        4  usart.o(.data)
    .data                                    0x20000328   Section       20  stm32f10x_rcc.o(.data)
    APBAHBPrescTable                         0x20000328   Data          16  stm32f10x_rcc.o(.data)
    ADCPrescTable                            0x20000338   Data           4  stm32f10x_rcc.o(.data)
    .data                                    0x2000033c   Section       20  system_stm32f10x.o(.data)
    .bss                                     0x20000350   Section       18  figure.o(.bss)
    .bss                                     0x20000362   Section       14  lcd.o(.bss)
    .bss                                     0x20000370   Section       11  servo.o(.bss)
    STACK                                    0x20000380   Section     1024  startup_stm32f10x_hd.o(STACK)

    Global Symbols

    Symbol Name                              Value     Ov Type        Size  Object(Section)

    BuildAttributes$$THM_ISAv4$P$D$K$B$S$PE$A:L22UL41UL21$X:L11$S22US41US21$IEEE1$IW$USESV6$~STKCKD$USESV7$~SHL$OSPACE$ROPI$EBA8$MICROLIB$REQ8$PRES8$EABIv2 0x00000000   Number         0  anon$$obj.o ABSOLUTE
    __ARM_use_no_argv                        0x00000000   Number         0  main.o ABSOLUTE
    __use_no_errno                           0x00000000   Number         0  useno.o ABSOLUTE
    __use_no_exception_handling              0x00000000   Number         0  useno.o ABSOLUTE
    __use_no_fp                              0x00000000   Number         0  useno.o ABSOLUTE
    __use_no_heap                            0x00000000   Number         0  useno.o ABSOLUTE
    __use_no_heap_region                     0x00000000   Number         0  useno.o ABSOLUTE
    __use_no_semihosting                     0x00000000   Number         0  useno.o ABSOLUTE
    __use_no_semihosting_swi                 0x00000000   Number         0  useno.o ABSOLUTE
    __use_no_signal_handling                 0x00000000   Number         0  useno.o ABSOLUTE
    _printf_a                                0x00000000   Number         0  stubs.o ABSOLUTE
    _printf_c                                0x00000000   Number         0  stubs.o ABSOLUTE
    _printf_charcount                        0x00000000   Number         0  stubs.o ABSOLUTE
    _printf_d                                0x00000000   Number         0  stubs.o ABSOLUTE
    _printf_e                                0x00000000   Number         0  stubs.o ABSOLUTE
    _printf_f                                0x00000000   Number         0  stubs.o ABSOLUTE
    _printf_flags                            0x00000000   Number         0  stubs.o ABSOLUTE
    _printf_fp_dec                           0x00000000   Number         0  stubs.o ABSOLUTE
    _printf_fp_hex                           0x00000000   Number         0  stubs.o ABSOLUTE
    _printf_g                                0x00000000   Number         0  stubs.o ABSOLUTE
    _printf_i                                0x00000000   Number         0  stubs.o ABSOLUTE
    _printf_int_dec                          0x00000000   Number         0  stubs.o ABSOLUTE
    _printf_l                                0x00000000   Number         0  stubs.o ABSOLUTE
    _printf_lc                               0x00000000   Number         0  stubs.o ABSOLUTE
    _printf_ll                               0x00000000   Number         0  stubs.o ABSOLUTE
    _printf_lld                              0x00000000   Number         0  stubs.o ABSOLUTE
    _printf_lli                              0x00000000   Number         0  stubs.o ABSOLUTE
    _printf_llo                              0x00000000   Number         0  stubs.o ABSOLUTE
    _printf_llu                              0x00000000   Number         0  stubs.o ABSOLUTE
    _printf_llx                              0x00000000   Number         0  stubs.o ABSOLUTE
    _printf_longlong_dec                     0x00000000   Number         0  stubs.o ABSOLUTE
    _printf_longlong_hex                     0x00000000   Number         0  stubs.o ABSOLUTE
    _printf_longlong_oct                     0x00000000   Number         0  stubs.o ABSOLUTE
    _printf_ls                               0x00000000   Number         0  stubs.o ABSOLUTE
    _printf_mbtowc                           0x00000000   Number         0  stubs.o ABSOLUTE
    _printf_n                                0x00000000   Number         0  stubs.o ABSOLUTE
    _printf_o                                0x00000000   Number         0  stubs.o ABSOLUTE
    _printf_p                                0x00000000   Number         0  stubs.o ABSOLUTE
    _printf_percent                          0x00000000   Number         0  stubs.o ABSOLUTE
    _printf_pre_padding                      0x00000000   Number         0  stubs.o ABSOLUTE
    _printf_return_value                     0x00000000   Number         0  stubs.o ABSOLUTE
    _printf_s                                0x00000000   Number         0  stubs.o ABSOLUTE
    _printf_sizespec                         0x00000000   Number         0  stubs.o ABSOLUTE
    _printf_str                              0x00000000   Number         0  stubs.o ABSOLUTE
    _printf_truncate_signed                  0x00000000   Number         0  stubs.o ABSOLUTE
    _printf_truncate_unsigned                0x00000000   Number         0  stubs.o ABSOLUTE
    _printf_u                                0x00000000   Number         0  stubs.o ABSOLUTE
    _printf_wc                               0x00000000   Number         0  stubs.o ABSOLUTE
    _printf_wctomb                           0x00000000   Number         0  stubs.o ABSOLUTE
    _printf_widthprec                        0x00000000   Number         0  stubs.o ABSOLUTE
    _printf_x                                0x00000000   Number         0  stubs.o ABSOLUTE
    __cpp_initialize__aeabi_                  - Undefined Weak Reference
    __cxa_finalize                            - Undefined Weak Reference
    _clock_init                               - Undefined Weak Reference
    _microlib_exit                            - Undefined Weak Reference
    __Vectors_Size                           0x00000130   Number         0  startup_stm32f10x_hd.o ABSOLUTE
    __Vectors                                0x08000000   Data           4  startup_stm32f10x_hd.o(RESET)
    __Vectors_End                            0x08000130   Data           0  startup_stm32f10x_hd.o(RESET)
    __main                                   0x08000131   Thumb Code     0  entry.o(.ARM.Collect$$$$00000000)
    _main_stk                                0x08000131   Thumb Code     0  entry2.o(.ARM.Collect$$$$00000001)
    _main_scatterload                        0x08000135   Thumb Code     0  entry5.o(.ARM.Collect$$$$00000004)
    __main_after_scatterload                 0x08000139   Thumb Code     0  entry5.o(.ARM.Collect$$$$00000004)
    _main_clock                              0x08000139   Thumb Code     0  entry7b.o(.ARM.Collect$$$$00000008)
    _main_cpp_init                           0x08000139   Thumb Code     0  entry8b.o(.ARM.Collect$$$$0000000A)
    _main_init                               0x08000139   Thumb Code     0  entry9a.o(.ARM.Collect$$$$0000000B)
    __rt_final_cpp                           0x08000141   Thumb Code     0  entry10a.o(.ARM.Collect$$$$0000000D)
    __rt_final_exit                          0x08000141   Thumb Code     0  entry11a.o(.ARM.Collect$$$$0000000F)
    main                                     0x08000145   Thumb Code   230  main.o(.text)
    TIM5_IRQHandler                          0x08000281   Thumb Code   212  stm32f10x_it.o(.text)
    NMI_Handler                              0x08000355   Thumb Code     2  stm32f10x_it.o(.text)
    HardFault_Handler                        0x08000357   Thumb Code     4  stm32f10x_it.o(.text)
    MemManage_Handler                        0x0800035b   Thumb Code     4  stm32f10x_it.o(.text)
    BusFault_Handler                         0x0800035f   Thumb Code     4  stm32f10x_it.o(.text)
    UsageFault_Handler                       0x08000363   Thumb Code     4  stm32f10x_it.o(.text)
    SVC_Handler                              0x08000367   Thumb Code     2  stm32f10x_it.o(.text)
    DebugMon_Handler                         0x08000369   Thumb Code     2  stm32f10x_it.o(.text)
    PendSV_Handler                           0x0800036b   Thumb Code     2  stm32f10x_it.o(.text)
    SysTick_Handler                          0x0800036d   Thumb Code     2  stm32f10x_it.o(.text)
    Command                                  0x080003bd   Thumb Code    68  figure.o(.text)
    ImgProcess                               0x08000401   Thumb Code    72  figure.o(.text)
    Searchfinger                             0x08000449   Thumb Code    36  figure.o(.text)
    search                                   0x0800046d   Thumb Code    50  figure.o(.text)
    savefingure                              0x0800049f   Thumb Code    58  figure.o(.text)
    enroll                                   0x080004d9   Thumb Code   194  figure.o(.text)
    shownum                                  0x0800059b   Thumb Code    98  figure.o(.text)
    mode                                     0x080005fd   Thumb Code    98  figure.o(.text)
    Figure_Test                              0x0800065f   Thumb Code   102  figure.o(.text)
    FigureIdenfity                           0x080006c5   Thumb Code   228  figure.o(.text)
    FigureEnter                              0x080007a9   Thumb Code   268  figure.o(.text)
    FigureClear                              0x080008b5   Thumb Code    70  figure.o(.text)
    KEY_Init                                 0x08000935   Thumb Code    76  key.o(.text)
    LCD_WR_REG                               0x08000989   Thumb Code    60  lcd.o(.text)
    LCD_WR_DATAX                             0x080009c5   Thumb Code    60  lcd.o(.text)
    LCD_RD_DATA                              0x08000a01   Thumb Code   118  lcd.o(.text)
    LCD_WriteReg                             0x08000a77   Thumb Code    68  lcd.o(.text)
    LCD_ReadReg                              0x08000abb   Thumb Code    16  lcd.o(.text)
    LCD_WriteRAM_Prepare                     0x08000acb   Thumb Code    12  lcd.o(.text)
    LCD_WriteRAM                             0x08000ad7   Thumb Code    60  lcd.o(.text)
    LCD_BGR2RGB                              0x08000b13   Thumb Code    26  lcd.o(.text)
    LCD_SetCursor                            0x08000b2d   Thumb Code   860  lcd.o(.text)
    LCD_ReadPoint                            0x08000e89   Thumb Code   466  lcd.o(.text)
    LCD_DisplayOn                            0x0800105b   Thumb Code    80  lcd.o(.text)
    LCD_DisplayOff                           0x080010ab   Thumb Code    78  lcd.o(.text)
    LCD_Scan_Dir                             0x080010f9   Thumb Code  1506  lcd.o(.text)
    LCD_DrawPoint                            0x080016db   Thumb Code    76  lcd.o(.text)
    LCD_Fast_DrawPoint                       0x08001727   Thumb Code   980  lcd.o(.text)
    LCD_Display_Dir                          0x08001afb   Thumb Code   420  lcd.o(.text)
    LCD_Set_Window                           0x08001c9f   Thumb Code  1212  lcd.o(.text)
    LCD_Clear                                0x0800215b   Thumb Code   164  lcd.o(.text)
    LCD_Init                                 0x080021ff   Thumb Code 14868  lcd.o(.text)
    LCD_Fill                                 0x08005c13   Thumb Code   226  lcd.o(.text)
    LCD_Color_Fill                           0x08005cf5   Thumb Code   140  lcd.o(.text)
    LCD_DrawLine                             0x08005d81   Thumb Code   176  lcd.o(.text)
    LCD_DrawRectangle                        0x08005e31   Thumb Code    80  lcd.o(.text)
    LCD_Draw_Circle                          0x08005e81   Thumb Code   176  lcd.o(.text)
    LCD_ShowChar                             0x08005f31   Thumb Code   268  lcd.o(.text)
    LCD_Pow                                  0x0800603d   Thumb Code    22  lcd.o(.text)
    LCD_ShowNum                              0x08006053   Thumb Code   148  lcd.o(.text)
    LCD_ShowxNum                             0x080060e7   Thumb Code   190  lcd.o(.text)
    LCD_ShowString                           0x080061a5   Thumb Code   102  lcd.o(.text)
    LED_Init                                 0x08006225   Thumb Code    92  led.o(.text)
    BEEP_Init                                0x08006289   Thumb Code    46  beep.o(.text)
    beep                                     0x080062b7   Thumb Code    36  beep.o(.text)
    EXTIX_Init                               0x080062e1   Thumb Code   222  exti.o(.text)
    EXTI0_IRQHandler                         0x080063bf   Thumb Code    28  exti.o(.text)
    EXTI15_10_IRQHandler                     0x080063db   Thumb Code    32  exti.o(.text)
    EXTI9_5_IRQHandler                       0x080063fb   Thumb Code    24  exti.o(.text)
    calculate_checkout                       0x08006425   Thumb Code    36  servo.o(.text)
    transmitdata                             0x08006449   Thumb Code    44  servo.o(.text)
    complete                                 0x08006475   Thumb Code    62  servo.o(.text)
    ang_spe_set                              0x080064b3   Thumb Code    90  servo.o(.text)
    Open_door                                0x0800650d   Thumb Code    38  servo.o(.text)
    Close_door                               0x08006533   Thumb Code    36  servo.o(.text)
    TIM5_Config                              0x08006569   Thumb Code    76  timer.o(.text)
    Nvic_Init                                0x080065b5   Thumb Code    34  timer.o(.text)
    loop                                     0x080065dd   Thumb Code    26  loop.o(.text)
    Time_slice                               0x080065f7   Thumb Code    68  loop.o(.text)
    Adc_Init                                 0x08006645   Thumb Code   132  adc.o(.text)
    Get_Adc                                  0x080066c9   Thumb Code    46  adc.o(.text)
    Get_Adc_Average                          0x080066f7   Thumb Code    46  adc.o(.text)
    DHT11_Rst                                0x0800672d   Thumb Code    54  dht11.o(.text)
    DHT11_Check                              0x08006763   Thumb Code    92  dht11.o(.text)
    DHT11_Read_Bit                           0x080067bf   Thumb Code    70  dht11.o(.text)
    DHT11_Read_Byte                          0x08006805   Thumb Code    30  dht11.o(.text)
    DHT11_Read_Data                          0x08006823   Thumb Code   100  dht11.o(.text)
    DHT11_Init                               0x08006887   Thumb Code    54  dht11.o(.text)
    DHT11_test                               0x080068bd   Thumb Code    48  dht11.o(.text)
    FIRE_init                                0x08006905   Thumb Code    42  fire.o(.text)
    smoke                                    0x08006939   Thumb Code    38  smoke.o(.text)
    delay_init                               0x08006965   Thumb Code    52  delay.o(.text)
    delay_ms                                 0x08006999   Thumb Code    54  delay.o(.text)
    delay_us                                 0x080069cf   Thumb Code    54  delay.o(.text)
    NVIC_Configuration                       0x08006a0d   Thumb Code    12  system.o(.text)
    _sys_exit                                0x08006a19   Thumb Code     6  usart.o(.text)
    fputc                                    0x08006a1f   Thumb Code    22  usart.o(.text)
    USART_Config                             0x08006a35   Thumb Code   122  usart.o(.text)
    uart_init                                0x08006aaf   Thumb Code   120  usart.o(.text)
    USART2_SendByte                          0x08006b27   Thumb Code    28  usart.o(.text)
    USART2_ReceivByte                        0x08006b43   Thumb Code    28  usart.o(.text)
    NVIC_PriorityGroupConfig                 0x08006b6d   Thumb Code    10  misc.o(.text)
    NVIC_Init                                0x08006b77   Thumb Code   102  misc.o(.text)
    NVIC_SetVectorTable                      0x08006bdd   Thumb Code    14  misc.o(.text)
    NVIC_SystemLPConfig                      0x08006beb   Thumb Code    34  misc.o(.text)
    SysTick_CLKSourceConfig                  0x08006c0d   Thumb Code    40  misc.o(.text)
    EXTI_DeInit                              0x08006c49   Thumb Code    28  stm32f10x_exti.o(.text)
    EXTI_Init                                0x08006c65   Thumb Code   142  stm32f10x_exti.o(.text)
    EXTI_StructInit                          0x08006cf3   Thumb Code    16  stm32f10x_exti.o(.text)
    EXTI_GenerateSWInterrupt                 0x08006d03   Thumb Code    16  stm32f10x_exti.o(.text)
    EXTI_GetFlagStatus                       0x08006d13   Thumb Code    22  stm32f10x_exti.o(.text)
    EXTI_ClearFlag                           0x08006d29   Thumb Code     8  stm32f10x_exti.o(.text)
    EXTI_GetITStatus                         0x08006d31   Thumb Code    34  stm32f10x_exti.o(.text)
    EXTI_ClearITPendingBit                   0x08006d53   Thumb Code     8  stm32f10x_exti.o(.text)
    GPIO_DeInit                              0x08006d65   Thumb Code   172  stm32f10x_gpio.o(.text)
    GPIO_AFIODeInit                          0x08006e11   Thumb Code    20  stm32f10x_gpio.o(.text)
    GPIO_Init                                0x08006e25   Thumb Code   274  stm32f10x_gpio.o(.text)
    GPIO_StructInit                          0x08006f37   Thumb Code    16  stm32f10x_gpio.o(.text)
    GPIO_ReadInputDataBit                    0x08006f47   Thumb Code    18  stm32f10x_gpio.o(.text)
    GPIO_ReadInputData                       0x08006f59   Thumb Code     8  stm32f10x_gpio.o(.text)
    GPIO_ReadOutputDataBit                   0x08006f61   Thumb Code    18  stm32f10x_gpio.o(.text)
    GPIO_ReadOutputData                      0x08006f73   Thumb Code     8  stm32f10x_gpio.o(.text)
    GPIO_SetBits                             0x08006f7b   Thumb Code     4  stm32f10x_gpio.o(.text)
    GPIO_ResetBits                           0x08006f7f   Thumb Code     4  stm32f10x_gpio.o(.text)
    GPIO_WriteBit                            0x08006f83   Thumb Code    10  stm32f10x_gpio.o(.text)
    GPIO_Write                               0x08006f8d   Thumb Code     4  stm32f10x_gpio.o(.text)
    GPIO_PinLockConfig                       0x08006f91   Thumb Code    18  stm32f10x_gpio.o(.text)
    GPIO_EventOutputConfig                   0x08006fa3   Thumb Code    26  stm32f10x_gpio.o(.text)
    GPIO_EventOutputCmd                      0x08006fbd   Thumb Code     6  stm32f10x_gpio.o(.text)
    GPIO_PinRemapConfig                      0x08006fc3   Thumb Code   138  stm32f10x_gpio.o(.text)
    GPIO_EXTILineConfig                      0x0800704d   Thumb Code    66  stm32f10x_gpio.o(.text)
    GPIO_ETH_MediaInterfaceConfig            0x0800708f   Thumb Code     6  stm32f10x_gpio.o(.text)
    RCC_DeInit                               0x080070bd   Thumb Code    64  stm32f10x_rcc.o(.text)
    RCC_HSEConfig                            0x080070fd   Thumb Code    70  stm32f10x_rcc.o(.text)
    RCC_GetFlagStatus                        0x08007143   Thumb Code    56  stm32f10x_rcc.o(.text)
    RCC_WaitForHSEStartUp                    0x0800717b   Thumb Code    56  stm32f10x_rcc.o(.text)
    RCC_AdjustHSICalibrationValue            0x080071b3   Thumb Code    20  stm32f10x_rcc.o(.text)
    RCC_HSICmd                               0x080071c7   Thumb Code     6  stm32f10x_rcc.o(.text)
    RCC_PLLConfig                            0x080071cd   Thumb Code    24  stm32f10x_rcc.o(.text)
    RCC_PLLCmd                               0x080071e5   Thumb Code     6  stm32f10x_rcc.o(.text)
    RCC_SYSCLKConfig                         0x080071eb   Thumb Code    18  stm32f10x_rcc.o(.text)
    RCC_GetSYSCLKSource                      0x080071fd   Thumb Code    10  stm32f10x_rcc.o(.text)
    RCC_HCLKConfig                           0x08007207   Thumb Code    18  stm32f10x_rcc.o(.text)
    RCC_PCLK1Config                          0x08007219   Thumb Code    18  stm32f10x_rcc.o(.text)
    RCC_PCLK2Config                          0x0800722b   Thumb Code    20  stm32f10x_rcc.o(.text)
    RCC_ITConfig                             0x0800723f   Thumb Code    26  stm32f10x_rcc.o(.text)
    RCC_USBCLKConfig                         0x08007259   Thumb Code     6  stm32f10x_rcc.o(.text)
    RCC_ADCCLKConfig                         0x0800725f   Thumb Code    18  stm32f10x_rcc.o(.text)
    RCC_LSEConfig                            0x08007271   Thumb Code    44  stm32f10x_rcc.o(.text)
    RCC_LSICmd                               0x0800729d   Thumb Code     6  stm32f10x_rcc.o(.text)
    RCC_RTCCLKConfig                         0x080072a3   Thumb Code    12  stm32f10x_rcc.o(.text)
    RCC_RTCCLKCmd                            0x080072af   Thumb Code     8  stm32f10x_rcc.o(.text)
    RCC_GetClocksFreq                        0x080072b7   Thumb Code   192  stm32f10x_rcc.o(.text)
    RCC_AHBPeriphClockCmd                    0x08007377   Thumb Code    26  stm32f10x_rcc.o(.text)
    RCC_APB2PeriphClockCmd                   0x08007391   Thumb Code    26  stm32f10x_rcc.o(.text)
    RCC_APB1PeriphClockCmd                   0x080073ab   Thumb Code    26  stm32f10x_rcc.o(.text)
    RCC_APB2PeriphResetCmd                   0x080073c5   Thumb Code    26  stm32f10x_rcc.o(.text)
    RCC_APB1PeriphResetCmd                   0x080073df   Thumb Code    26  stm32f10x_rcc.o(.text)
    RCC_BackupResetCmd                       0x080073f9   Thumb Code     8  stm32f10x_rcc.o(.text)
    RCC_ClockSecuritySystemCmd               0x08007401   Thumb Code     6  stm32f10x_rcc.o(.text)
    RCC_MCOConfig                            0x08007407   Thumb Code     6  stm32f10x_rcc.o(.text)
    RCC_ClearFlag                            0x0800740d   Thumb Code    14  stm32f10x_rcc.o(.text)
    RCC_GetITStatus                          0x0800741b   Thumb Code    20  stm32f10x_rcc.o(.text)
    RCC_ClearITPendingBit                    0x0800742f   Thumb Code     6  stm32f10x_rcc.o(.text)
    TIM_DeInit                               0x08007461   Thumb Code   424  stm32f10x_tim.o(.text)
    TIM_TimeBaseInit                         0x08007609   Thumb Code   122  stm32f10x_tim.o(.text)
    TIM_OC1Init                              0x08007683   Thumb Code   132  stm32f10x_tim.o(.text)
    TIM_OC2Init                              0x08007707   Thumb Code   154  stm32f10x_tim.o(.text)
    TIM_OC3Init                              0x080077a1   Thumb Code   150  stm32f10x_tim.o(.text)
    TIM_OC4Init                              0x08007837   Thumb Code   182  stm32f10x_tim.o(.text)
    TIM_SetIC4Prescaler                      0x080078ed   Thumb Code    26  stm32f10x_tim.o(.text)
    TIM_SetIC3Prescaler                      0x08007989   Thumb Code    18  stm32f10x_tim.o(.text)
    TIM_SetIC2Prescaler                      0x08007a15   Thumb Code    26  stm32f10x_tim.o(.text)
    TIM_SetIC1Prescaler                      0x08007ab1   Thumb Code    18  stm32f10x_tim.o(.text)
    TIM_ICInit                               0x08007b2f   Thumb Code   150  stm32f10x_tim.o(.text)
    TIM_PWMIConfig                           0x08007bc5   Thumb Code   124  stm32f10x_tim.o(.text)
    TIM_BDTRConfig                           0x08007c41   Thumb Code    32  stm32f10x_tim.o(.text)
    TIM_TimeBaseStructInit                   0x08007c61   Thumb Code    18  stm32f10x_tim.o(.text)
    TIM_OCStructInit                         0x08007c73   Thumb Code    20  stm32f10x_tim.o(.text)
    TIM_ICStructInit                         0x08007c87   Thumb Code    18  stm32f10x_tim.o(.text)
    TIM_BDTRStructInit                       0x08007c99   Thumb Code    40  stm32f10x_tim.o(.text)
    TIM_Cmd                                  0x08007cc1   Thumb Code    24  stm32f10x_tim.o(.text)
    TIM_CtrlPWMOutputs                       0x08007cd9   Thumb Code    30  stm32f10x_tim.o(.text)
    TIM_ITConfig                             0x08007cf7   Thumb Code    18  stm32f10x_tim.o(.text)
    TIM_GenerateEvent                        0x08007d09   Thumb Code     4  stm32f10x_tim.o(.text)
    TIM_DMAConfig                            0x08007d0d   Thumb Code    10  stm32f10x_tim.o(.text)
    TIM_DMACmd                               0x08007d17   Thumb Code    18  stm32f10x_tim.o(.text)
    TIM_InternalClockConfig                  0x08007d29   Thumb Code    12  stm32f10x_tim.o(.text)
    TIM_SelectInputTrigger                   0x08007d35   Thumb Code    18  stm32f10x_tim.o(.text)
    TIM_ITRxExternalClockConfig              0x08007d47   Thumb Code    24  stm32f10x_tim.o(.text)
    TIM_TIxExternalClockConfig               0x08007d5f   Thumb Code    62  stm32f10x_tim.o(.text)
    TIM_ETRConfig                            0x08007d9d   Thumb Code    28  stm32f10x_tim.o(.text)
    TIM_ETRClockMode1Config                  0x08007db9   Thumb Code    54  stm32f10x_tim.o(.text)
    TIM_ETRClockMode2Config                  0x08007def   Thumb Code    32  stm32f10x_tim.o(.text)
    TIM_PrescalerConfig                      0x08007e0f   Thumb Code     6  stm32f10x_tim.o(.text)
    TIM_CounterModeConfig                    0x08007e15   Thumb Code    18  stm32f10x_tim.o(.text)
    TIM_EncoderInterfaceConfig               0x08007e27   Thumb Code    66  stm32f10x_tim.o(.text)
    TIM_ForcedOC1Config                      0x08007e69   Thumb Code    18  stm32f10x_tim.o(.text)
    TIM_ForcedOC2Config                      0x08007e7b   Thumb Code    26  stm32f10x_tim.o(.text)
    TIM_ForcedOC3Config                      0x08007e95   Thumb Code    18  stm32f10x_tim.o(.text)
    TIM_ForcedOC4Config                      0x08007ea7   Thumb Code    26  stm32f10x_tim.o(.text)
    TIM_ARRPreloadConfig                     0x08007ec1   Thumb Code    24  stm32f10x_tim.o(.text)
    TIM_SelectCOM                            0x08007ed9   Thumb Code    24  stm32f10x_tim.o(.text)
    TIM_SelectCCDMA                          0x08007ef1   Thumb Code    24  stm32f10x_tim.o(.text)
    TIM_CCPreloadControl                     0x08007f09   Thumb Code    24  stm32f10x_tim.o(.text)
    TIM_OC1PreloadConfig                     0x08007f21   Thumb Code    18  stm32f10x_tim.o(.text)
    TIM_OC2PreloadConfig                     0x08007f33   Thumb Code    26  stm32f10x_tim.o(.text)
    TIM_OC3PreloadConfig                     0x08007f4d   Thumb Code    18  stm32f10x_tim.o(.text)
    TIM_OC4PreloadConfig                     0x08007f5f   Thumb Code    26  stm32f10x_tim.o(.text)
    TIM_OC1FastConfig                        0x08007f79   Thumb Code    18  stm32f10x_tim.o(.text)
    TIM_OC2FastConfig                        0x08007f8b   Thumb Code    26  stm32f10x_tim.o(.text)
    TIM_OC3FastConfig                        0x08007fa5   Thumb Code    18  stm32f10x_tim.o(.text)
    TIM_OC4FastConfig                        0x08007fb7   Thumb Code    26  stm32f10x_tim.o(.text)
    TIM_ClearOC1Ref                          0x08007fd1   Thumb Code    18  stm32f10x_tim.o(.text)
    TIM_ClearOC2Ref                          0x08007fe3   Thumb Code    24  stm32f10x_tim.o(.text)
    TIM_ClearOC3Ref                          0x08007ffb   Thumb Code    18  stm32f10x_tim.o(.text)
    TIM_ClearOC4Ref                          0x0800800d   Thumb Code    24  stm32f10x_tim.o(.text)
    TIM_OC1PolarityConfig                    0x08008025   Thumb Code    18  stm32f10x_tim.o(.text)
    TIM_OC1NPolarityConfig                   0x08008037   Thumb Code    18  stm32f10x_tim.o(.text)
    TIM_OC2PolarityConfig                    0x08008049   Thumb Code    26  stm32f10x_tim.o(.text)
    TIM_OC2NPolarityConfig                   0x08008063   Thumb Code    26  stm32f10x_tim.o(.text)
    TIM_OC3PolarityConfig                    0x0800807d   Thumb Code    26  stm32f10x_tim.o(.text)
    TIM_OC3NPolarityConfig                   0x08008097   Thumb Code    26  stm32f10x_tim.o(.text)
    TIM_OC4PolarityConfig                    0x080080b1   Thumb Code    26  stm32f10x_tim.o(.text)
    TIM_CCxCmd                               0x080080cb   Thumb Code    30  stm32f10x_tim.o(.text)
    TIM_CCxNCmd                              0x080080e9   Thumb Code    30  stm32f10x_tim.o(.text)
    TIM_SelectOCxM                           0x08008107   Thumb Code    82  stm32f10x_tim.o(.text)
    TIM_UpdateDisableConfig                  0x08008159   Thumb Code    24  stm32f10x_tim.o(.text)
    TIM_UpdateRequestConfig                  0x08008171   Thumb Code    24  stm32f10x_tim.o(.text)
    TIM_SelectHallSensor                     0x08008189   Thumb Code    24  stm32f10x_tim.o(.text)
    TIM_SelectOnePulseMode                   0x080081a1   Thumb Code    18  stm32f10x_tim.o(.text)
    TIM_SelectOutputTrigger                  0x080081b3   Thumb Code    18  stm32f10x_tim.o(.text)
    TIM_SelectSlaveMode                      0x080081c5   Thumb Code    18  stm32f10x_tim.o(.text)
    TIM_SelectMasterSlaveMode                0x080081d7   Thumb Code    18  stm32f10x_tim.o(.text)
    TIM_SetCounter                           0x080081e9   Thumb Code     4  stm32f10x_tim.o(.text)
    TIM_SetAutoreload                        0x080081ed   Thumb Code     4  stm32f10x_tim.o(.text)
    TIM_SetCompare1                          0x080081f1   Thumb Code     4  stm32f10x_tim.o(.text)
    TIM_SetCompare2                          0x080081f5   Thumb Code     4  stm32f10x_tim.o(.text)
    TIM_SetCompare3                          0x080081f9   Thumb Code     4  stm32f10x_tim.o(.text)
    TIM_SetCompare4                          0x080081fd   Thumb Code     6  stm32f10x_tim.o(.text)
    TIM_SetClockDivision                     0x08008203   Thumb Code    18  stm32f10x_tim.o(.text)
    TIM_GetCapture1                          0x08008215   Thumb Code     6  stm32f10x_tim.o(.text)
    TIM_GetCapture2                          0x0800821b   Thumb Code     6  stm32f10x_tim.o(.text)
    TIM_GetCapture3                          0x08008221   Thumb Code     6  stm32f10x_tim.o(.text)
    TIM_GetCapture4                          0x08008227   Thumb Code     8  stm32f10x_tim.o(.text)
    TIM_GetCounter                           0x0800822f   Thumb Code     6  stm32f10x_tim.o(.text)
    TIM_GetPrescaler                         0x08008235   Thumb Code     6  stm32f10x_tim.o(.text)
    TIM_GetFlagStatus                        0x0800823b   Thumb Code    18  stm32f10x_tim.o(.text)
    TIM_ClearFlag                            0x0800824d   Thumb Code     6  stm32f10x_tim.o(.text)
    TIM_GetITStatus                          0x08008253   Thumb Code    34  stm32f10x_tim.o(.text)
    TIM_ClearITPendingBit                    0x08008275   Thumb Code     6  stm32f10x_tim.o(.text)
    USART_DeInit                             0x0800827d   Thumb Code   134  stm32f10x_usart.o(.text)
    USART_Init                               0x08008303   Thumb Code   210  stm32f10x_usart.o(.text)
    USART_StructInit                         0x080083d5   Thumb Code    24  stm32f10x_usart.o(.text)
    USART_ClockInit                          0x080083ed   Thumb Code    34  stm32f10x_usart.o(.text)
    USART_ClockStructInit                    0x0800840f   Thumb Code    12  stm32f10x_usart.o(.text)
    USART_Cmd                                0x0800841b   Thumb Code    24  stm32f10x_usart.o(.text)
    USART_ITConfig                           0x08008433   Thumb Code    74  stm32f10x_usart.o(.text)
    USART_DMACmd                             0x0800847d   Thumb Code    18  stm32f10x_usart.o(.text)
    USART_SetAddress                         0x0800848f   Thumb Code    18  stm32f10x_usart.o(.text)
    USART_WakeUpConfig                       0x080084a1   Thumb Code    18  stm32f10x_usart.o(.text)
    USART_ReceiverWakeUpCmd                  0x080084b3   Thumb Code    24  stm32f10x_usart.o(.text)
    USART_LINBreakDetectLengthConfig         0x080084cb   Thumb Code    18  stm32f10x_usart.o(.text)
    USART_LINCmd                             0x080084dd   Thumb Code    24  stm32f10x_usart.o(.text)
    USART_SendData                           0x080084f5   Thumb Code     8  stm32f10x_usart.o(.text)
    USART_ReceiveData                        0x080084fd   Thumb Code    10  stm32f10x_usart.o(.text)
    USART_SendBreak                          0x08008507   Thumb Code    10  stm32f10x_usart.o(.text)
    USART_SetGuardTime                       0x08008511   Thumb Code    16  stm32f10x_usart.o(.text)
    USART_SetPrescaler                       0x08008521   Thumb Code    16  stm32f10x_usart.o(.text)
    USART_SmartCardCmd                       0x08008531   Thumb Code    24  stm32f10x_usart.o(.text)
    USART_SmartCardNACKCmd                   0x08008549   Thumb Code    24  stm32f10x_usart.o(.text)
    USART_HalfDuplexCmd                      0x08008561   Thumb Code    24  stm32f10x_usart.o(.text)
    USART_OverSampling8Cmd                   0x08008579   Thumb Code    22  stm32f10x_usart.o(.text)
    USART_OneBitMethodCmd                    0x0800858f   Thumb Code    24  stm32f10x_usart.o(.text)
    USART_IrDAConfig                         0x080085a7   Thumb Code    18  stm32f10x_usart.o(.text)
    USART_IrDACmd                            0x080085b9   Thumb Code    24  stm32f10x_usart.o(.text)
    USART_GetFlagStatus                      0x080085d1   Thumb Code    26  stm32f10x_usart.o(.text)
    USART_ClearFlag                          0x080085eb   Thumb Code    18  stm32f10x_usart.o(.text)
    USART_GetITStatus                        0x080085fd   Thumb Code    84  stm32f10x_usart.o(.text)
    USART_ClearITPendingBit                  0x08008651   Thumb Code    52  stm32f10x_usart.o(.text)
    ADC_DeInit                               0x08008685   Thumb Code    78  stm32f10x_adc.o(.text)
    ADC_Init                                 0x080086d3   Thumb Code    70  stm32f10x_adc.o(.text)
    ADC_StructInit                           0x08008719   Thumb Code    18  stm32f10x_adc.o(.text)
    ADC_Cmd                                  0x0800872b   Thumb Code    22  stm32f10x_adc.o(.text)
    ADC_DMACmd                               0x08008741   Thumb Code    22  stm32f10x_adc.o(.text)
    ADC_ITConfig                             0x08008757   Thumb Code    24  stm32f10x_adc.o(.text)
    ADC_ResetCalibration                     0x0800876f   Thumb Code    10  stm32f10x_adc.o(.text)
    ADC_GetResetCalibrationStatus            0x08008779   Thumb Code    20  stm32f10x_adc.o(.text)
    ADC_StartCalibration                     0x0800878d   Thumb Code    10  stm32f10x_adc.o(.text)
    ADC_GetCalibrationStatus                 0x08008797   Thumb Code    20  stm32f10x_adc.o(.text)
    ADC_SoftwareStartConvCmd                 0x080087ab   Thumb Code    22  stm32f10x_adc.o(.text)
    ADC_GetSoftwareStartConvStatus           0x080087c1   Thumb Code    20  stm32f10x_adc.o(.text)
    ADC_DiscModeChannelCountConfig           0x080087d5   Thumb Code    24  stm32f10x_adc.o(.text)
    ADC_DiscModeCmd                          0x080087ed   Thumb Code    22  stm32f10x_adc.o(.text)
    ADC_RegularChannelConfig                 0x08008803   Thumb Code   184  stm32f10x_adc.o(.text)
    ADC_ExternalTrigConvCmd                  0x080088bb   Thumb Code    22  stm32f10x_adc.o(.text)
    ADC_GetConversionValue                   0x080088d1   Thumb Code     8  stm32f10x_adc.o(.text)
    ADC_GetDualModeConversionValue           0x080088d9   Thumb Code     8  stm32f10x_adc.o(.text)
    ADC_AutoInjectedConvCmd                  0x080088e1   Thumb Code    22  stm32f10x_adc.o(.text)
    ADC_InjectedDiscModeCmd                  0x080088f7   Thumb Code    22  stm32f10x_adc.o(.text)
    ADC_ExternalTrigInjectedConvConfig       0x0800890d   Thumb Code    16  stm32f10x_adc.o(.text)
    ADC_ExternalTrigInjectedConvCmd          0x0800891d   Thumb Code    22  stm32f10x_adc.o(.text)
    ADC_SoftwareStartInjectedConvCmd         0x08008933   Thumb Code    22  stm32f10x_adc.o(.text)
    ADC_GetSoftwareStartInjectedConvCmdStatus 0x08008949   Thumb Code    20  stm32f10x_adc.o(.text)
    ADC_InjectedChannelConfig                0x0800895d   Thumb Code   130  stm32f10x_adc.o(.text)
    ADC_InjectedSequencerLengthConfig        0x080089df   Thumb Code    24  stm32f10x_adc.o(.text)
    ADC_SetInjectedOffset                    0x080089f7   Thumb Code    20  stm32f10x_adc.o(.text)
    ADC_GetInjectedConversionValue           0x08008a0b   Thumb Code    28  stm32f10x_adc.o(.text)
    ADC_AnalogWatchdogCmd                    0x08008a27   Thumb Code    16  stm32f10x_adc.o(.text)
    ADC_AnalogWatchdogThresholdsConfig       0x08008a37   Thumb Code     6  stm32f10x_adc.o(.text)
    ADC_AnalogWatchdogSingleChannelConfig    0x08008a3d   Thumb Code    16  stm32f10x_adc.o(.text)
    ADC_TempSensorVrefintCmd                 0x08008a4d   Thumb Code    64  stm32f10x_adc.o(.text)
    ADC_GetFlagStatus                        0x08008a8d   Thumb Code    18  stm32f10x_adc.o(.text)
    ADC_ClearFlag                            0x08008a9f   Thumb Code     6  stm32f10x_adc.o(.text)
    ADC_GetITStatus                          0x08008aa5   Thumb Code    36  stm32f10x_adc.o(.text)
    ADC_ClearITPendingBit                    0x08008ac9   Thumb Code    10  stm32f10x_adc.o(.text)
    SystemInit                               0x08008bb1   Thumb Code    78  system_stm32f10x.o(.text)
    SystemCoreClockUpdate                    0x08008bff   Thumb Code   142  system_stm32f10x.o(.text)
    Reset_Handler                            0x08008cb1   Thumb Code     8  startup_stm32f10x_hd.o(.text)
    ADC1_2_IRQHandler                        0x08008ccb   Thumb Code     0  startup_stm32f10x_hd.o(.text)
    ADC3_IRQHandler                          0x08008ccb   Thumb Code     0  startup_stm32f10x_hd.o(.text)
    CAN1_RX1_IRQHandler                      0x08008ccb   Thumb Code     0  startup_stm32f10x_hd.o(.text)
    CAN1_SCE_IRQHandler                      0x08008ccb   Thumb Code     0  startup_stm32f10x_hd.o(.text)
    DMA1_Channel1_IRQHandler                 0x08008ccb   Thumb Code     0  startup_stm32f10x_hd.o(.text)
    DMA1_Channel2_IRQHandler                 0x08008ccb   Thumb Code     0  startup_stm32f10x_hd.o(.text)
    DMA1_Channel3_IRQHandler                 0x08008ccb   Thumb Code     0  startup_stm32f10x_hd.o(.text)
    DMA1_Channel4_IRQHandler                 0x08008ccb   Thumb Code     0  startup_stm32f10x_hd.o(.text)
    DMA1_Channel5_IRQHandler                 0x08008ccb   Thumb Code     0  startup_stm32f10x_hd.o(.text)
    DMA1_Channel6_IRQHandler                 0x08008ccb   Thumb Code     0  startup_stm32f10x_hd.o(.text)
    DMA1_Channel7_IRQHandler                 0x08008ccb   Thumb Code     0  startup_stm32f10x_hd.o(.text)
    DMA2_Channel1_IRQHandler                 0x08008ccb   Thumb Code     0  startup_stm32f10x_hd.o(.text)
    DMA2_Channel2_IRQHandler                 0x08008ccb   Thumb Code     0  startup_stm32f10x_hd.o(.text)
    DMA2_Channel3_IRQHandler                 0x08008ccb   Thumb Code     0  startup_stm32f10x_hd.o(.text)
    DMA2_Channel4_5_IRQHandler               0x08008ccb   Thumb Code     0  startup_stm32f10x_hd.o(.text)
    EXTI1_IRQHandler                         0x08008ccb   Thumb Code     0  startup_stm32f10x_hd.o(.text)
    EXTI2_IRQHandler                         0x08008ccb   Thumb Code     0  startup_stm32f10x_hd.o(.text)
    EXTI3_IRQHandler                         0x08008ccb   Thumb Code     0  startup_stm32f10x_hd.o(.text)
    EXTI4_IRQHandler                         0x08008ccb   Thumb Code     0  startup_stm32f10x_hd.o(.text)
    FLASH_IRQHandler                         0x08008ccb   Thumb Code     0  startup_stm32f10x_hd.o(.text)
    FSMC_IRQHandler                          0x08008ccb   Thumb Code     0  startup_stm32f10x_hd.o(.text)
    I2C1_ER_IRQHandler                       0x08008ccb   Thumb Code     0  startup_stm32f10x_hd.o(.text)
    I2C1_EV_IRQHandler                       0x08008ccb   Thumb Code     0  startup_stm32f10x_hd.o(.text)
    I2C2_ER_IRQHandler                       0x08008ccb   Thumb Code     0  startup_stm32f10x_hd.o(.text)
    I2C2_EV_IRQHandler                       0x08008ccb   Thumb Code     0  startup_stm32f10x_hd.o(.text)
    PVD_IRQHandler                           0x08008ccb   Thumb Code     0  startup_stm32f10x_hd.o(.text)
    RCC_IRQHandler                           0x08008ccb   Thumb Code     0  startup_stm32f10x_hd.o(.text)
    RTCAlarm_IRQHandler                      0x08008ccb   Thumb Code     0  startup_stm32f10x_hd.o(.text)
    RTC_IRQHandler                           0x08008ccb   Thumb Code     0  startup_stm32f10x_hd.o(.text)
    SDIO_IRQHandler                          0x08008ccb   Thumb Code     0  startup_stm32f10x_hd.o(.text)
    SPI1_IRQHandler                          0x08008ccb   Thumb Code     0  startup_stm32f10x_hd.o(.text)
    SPI2_IRQHandler                          0x08008ccb   Thumb Code     0  startup_stm32f10x_hd.o(.text)
    SPI3_IRQHandler                          0x08008ccb   Thumb Code     0  startup_stm32f10x_hd.o(.text)
    TAMPER_IRQHandler                        0x08008ccb   Thumb Code     0  startup_stm32f10x_hd.o(.text)
    TIM1_BRK_IRQHandler                      0x08008ccb   Thumb Code     0  startup_stm32f10x_hd.o(.text)
    TIM1_CC_IRQHandler                       0x08008ccb   Thumb Code     0  startup_stm32f10x_hd.o(.text)
    TIM1_TRG_COM_IRQHandler                  0x08008ccb   Thumb Code     0  startup_stm32f10x_hd.o(.text)
    TIM1_UP_IRQHandler                       0x08008ccb   Thumb Code     0  startup_stm32f10x_hd.o(.text)
    TIM2_IRQHandler                          0x08008ccb   Thumb Code     0  startup_stm32f10x_hd.o(.text)
    TIM3_IRQHandler                          0x08008ccb   Thumb Code     0  startup_stm32f10x_hd.o(.text)
    TIM4_IRQHandler                          0x08008ccb   Thumb Code     0  startup_stm32f10x_hd.o(.text)
    TIM6_IRQHandler                          0x08008ccb   Thumb Code     0  startup_stm32f10x_hd.o(.text)
    TIM7_IRQHandler                          0x08008ccb   Thumb Code     0  startup_stm32f10x_hd.o(.text)
    TIM8_BRK_IRQHandler                      0x08008ccb   Thumb Code     0  startup_stm32f10x_hd.o(.text)
    TIM8_CC_IRQHandler                       0x08008ccb   Thumb Code     0  startup_stm32f10x_hd.o(.text)
    TIM8_TRG_COM_IRQHandler                  0x08008ccb   Thumb Code     0  startup_stm32f10x_hd.o(.text)
    TIM8_UP_IRQHandler                       0x08008ccb   Thumb Code     0  startup_stm32f10x_hd.o(.text)
    UART4_IRQHandler                         0x08008ccb   Thumb Code     0  startup_stm32f10x_hd.o(.text)
    UART5_IRQHandler                         0x08008ccb   Thumb Code     0  startup_stm32f10x_hd.o(.text)
    USART1_IRQHandler                        0x08008ccb   Thumb Code     0  startup_stm32f10x_hd.o(.text)
    USART2_IRQHandler                        0x08008ccb   Thumb Code     0  startup_stm32f10x_hd.o(.text)
    USART3_IRQHandler                        0x08008ccb   Thumb Code     0  startup_stm32f10x_hd.o(.text)
    USBWakeUp_IRQHandler                     0x08008ccb   Thumb Code     0  startup_stm32f10x_hd.o(.text)
    USB_HP_CAN1_TX_IRQHandler                0x08008ccb   Thumb Code     0  startup_stm32f10x_hd.o(.text)
    USB_LP_CAN1_RX0_IRQHandler               0x08008ccb   Thumb Code     0  startup_stm32f10x_hd.o(.text)
    WWDG_IRQHandler                          0x08008ccb   Thumb Code     0  startup_stm32f10x_hd.o(.text)
    __aeabi_uldivmod                         0x08008cd5   Thumb Code    98  uldiv.o(.text)
    __scatterload                            0x08008d39   Thumb Code    28  init.o(.text)
    __scatterload_rt2                        0x08008d39   Thumb Code     0  init.o(.text)
    __aeabi_llsl                             0x08008d5d   Thumb Code    30  llshl.o(.text)
    _ll_shift_l                              0x08008d5d   Thumb Code     0  llshl.o(.text)
    __aeabi_llsr                             0x08008d7b   Thumb Code    32  llushr.o(.text)
    _ll_ushift_r                             0x08008d7b   Thumb Code     0  llushr.o(.text)
    __decompress                             0x08008d9b   Thumb Code     0  __dczerorl2.o(.text)
    __decompress1                            0x08008d9b   Thumb Code    92  __dczerorl2.o(.text)
    __0printf$5                              0x08008df9   Thumb Code    22  printf5.o(i.__0printf$5)
    __1printf$5                              0x08008df9   Thumb Code     0  printf5.o(i.__0printf$5)
    __2printf                                0x08008df9   Thumb Code     0  printf5.o(i.__0printf$5)
    __scatterload_copy                       0x08008e19   Thumb Code    14  handlers.o(i.__scatterload_copy)
    __scatterload_null                       0x08008e27   Thumb Code     2  handlers.o(i.__scatterload_null)
    __scatterload_zeroinit                   0x08008e29   Thumb Code    14  handlers.o(i.__scatterload_zeroinit)
    asc2_1206                                0x080090f8   Data        1140  lcd.o(.constdata)
    asc2_1608                                0x0800956c   Data        1520  lcd.o(.constdata)
    asc2_2412                                0x08009b5c   Data        3420  lcd.o(.constdata)
    Region$$Table$$Base                      0x0800a8b8   Number         0  anon$$obj.o(Region$$Table)
    Region$$Table$$Limit                     0x0800a8d8   Number         0  anon$$obj.o(Region$$Table)
    mark                                     0x2000007d   Data           4  main.o(.data)
    SaveNumber                               0x20000101   Data           1  figure.o(.data)
    searchnum                                0x20000102   Data           1  figure.o(.data)
    SearchNumber                             0x20000104   Data           4  figure.o(.data)
    str                                      0x20000108   Data           3  figure.o(.data)
    clearallflag                             0x2000010b   Data           1  figure.o(.data)
    changeflag                               0x2000010c   Data           1  figure.o(.data)
    modeflag                                 0x2000010d   Data           1  figure.o(.data)
    POINT_COLOR                              0x2000010e   Data           2  lcd.o(.data)
    BACK_COLOR                               0x20000110   Data           2  lcd.o(.data)
    Instruction                              0x2000018f   Data           1  servo.o(.data)
    Checkout                                 0x20000190   Data           1  servo.o(.data)
    Id                                       0x20000191   Data           1  servo.o(.data)
    paramenter_ang_spe                       0x20000192   Data           4  servo.o(.data)
    flag                                     0x2000021c   Data           4  loop.o(.data)
    temperature                              0x2000029d   Data           1  dht11.o(.data)
    humidity                                 0x2000029e   Data           1  dht11.o(.data)
    adcx                                     0x2000031e   Data           2  smoke.o(.data)
    __stdout                                 0x20000324   Data           4  usart.o(.data)
    SystemCoreClock                          0x2000033c   Data           4  system_stm32f10x.o(.data)
    AHBPrescTable                            0x20000340   Data          16  system_stm32f10x.o(.data)
    dat                                      0x20000350   Data          18  figure.o(.bss)
    lcddev                                   0x20000362   Data          14  lcd.o(.bss)
    final                                    0x20000370   Data          11  servo.o(.bss)
    __initial_sp                             0x20000780   Data           0  startup_stm32f10x_hd.o(STACK)



==============================================================================

Memory Map of the image

  Image Entry point : 0x08000131

  Load Region LR_IROM1 (Base: 0x08000000, Size: 0x0000ac28, Max: 0x00020000, ABSOLUTE, COMPRESSED[0x0000a940])

    Execution Region ER_IROM1 (Base: 0x08000000, Size: 0x0000a8d8, Max: 0x00020000, ABSOLUTE)

    Base Addr    Size         Type   Attr      Idx    E Section Name        Object

    0x08000000   0x00000130   Data   RO          524    RESET               startup_stm32f10x_hd.o
    0x08000130   0x00000000   Code   RO          529  * .ARM.Collect$$$$00000000  mc_w.l(entry.o)
    0x08000130   0x00000004   Code   RO          793    .ARM.Collect$$$$00000001  mc_w.l(entry2.o)
    0x08000134   0x00000004   Code   RO          796    .ARM.Collect$$$$00000004  mc_w.l(entry5.o)
    0x08000138   0x00000000   Code   RO          798    .ARM.Collect$$$$00000008  mc_w.l(entry7b.o)
    0x08000138   0x00000000   Code   RO          800    .ARM.Collect$$$$0000000A  mc_w.l(entry8b.o)
    0x08000138   0x00000008   Code   RO          801    .ARM.Collect$$$$0000000B  mc_w.l(entry9a.o)
    0x08000140   0x00000000   Code   RO          803    .ARM.Collect$$$$0000000D  mc_w.l(entry10a.o)
    0x08000140   0x00000000   Code   RO          805    .ARM.Collect$$$$0000000F  mc_w.l(entry11a.o)
    0x08000140   0x00000004   Code   RO          794    .ARM.Collect$$$$00002712  mc_w.l(entry2.o)
    0x08000144   0x0000013c   Code   RO            1    .text               main.o
    0x08000280   0x0000013c   Code   RO          122    .text               stm32f10x_it.o
    0x080003bc   0x00000578   Code   RO          143    .text               figure.o
    0x08000934   0x00000054   Code   RO          162    .text               key.o
    0x08000988   0x0000589c   Code   RO          176    .text               lcd.o
    0x08006224   0x00000064   Code   RO          206    .text               led.o
    0x08006288   0x00000058   Code   RO          220    .text               beep.o
    0x080062e0   0x00000144   Code   RO          234    .text               exti.o
    0x08006424   0x00000144   Code   RO          248    .text               servo.o
    0x08006568   0x00000074   Code   RO          264    .text               timer.o
    0x080065dc   0x00000068   Code   RO          278    .text               loop.o
    0x08006644   0x000000e8   Code   RO          296    .text               adc.o
    0x0800672c   0x000001d8   Code   RO          310    .text               dht11.o
    0x08006904   0x00000034   Code   RO          328    .text               fire.o
    0x08006938   0x0000002c   Code   RO          343    .text               smoke.o
    0x08006964   0x000000a8   Code   RO          362    .text               delay.o
    0x08006a0c   0x0000000c   Code   RO          376    .text               system.o
    0x08006a18   0x00000154   Code   RO          388    .text               usart.o
    0x08006b6c   0x000000dc   Code   RO          407    .text               misc.o
    0x08006c48   0x0000011c   Code   RO          419    .text               stm32f10x_exti.o
    0x08006d64   0x00000358   Code   RO          431    .text               stm32f10x_gpio.o
    0x080070bc   0x000003a4   Code   RO          443    .text               stm32f10x_rcc.o
    0x08007460   0x00000e1a   Code   RO          457    .text               stm32f10x_tim.o
    0x0800827a   0x00000002   PAD
    0x0800827c   0x00000408   Code   RO          469    .text               stm32f10x_usart.o
    0x08008684   0x0000044e   Code   RO          481    .text               stm32f10x_adc.o
    0x08008ad2   0x00000002   PAD
    0x08008ad4   0x000001dc   Code   RO          504    .text               system_stm32f10x.o
    0x08008cb0   0x00000024   Code   RO          525    .text               startup_stm32f10x_hd.o
    0x08008cd4   0x00000062   Code   RO          809    .text               mc_w.l(uldiv.o)
    0x08008d36   0x00000002   PAD
    0x08008d38   0x00000024   Code   RO          822    .text               mc_w.l(init.o)
    0x08008d5c   0x0000001e   Code   RO          824    .text               mc_w.l(llshl.o)
    0x08008d7a   0x00000020   Code   RO          826    .text               mc_w.l(llushr.o)
    0x08008d9a   0x0000005c   Code   RO          840    .text               mc_w.l(__dczerorl2.o)
    0x08008df6   0x00000002   PAD
    0x08008df8   0x00000020   Code   RO          665    i.__0printf$5       mc_w.l(printf5.o)
    0x08008e18   0x0000000e   Code   RO          834    i.__scatterload_copy  mc_w.l(handlers.o)
    0x08008e26   0x00000002   Code   RO          835    i.__scatterload_null  mc_w.l(handlers.o)
    0x08008e28   0x0000000e   Code   RO          836    i.__scatterload_zeroinit  mc_w.l(handlers.o)
    0x08008e36   0x00000002   PAD
    0x08008e38   0x000002c0   Code   RO          672    i._printf_core      mc_w.l(printf5.o)
    0x080090f8   0x000017c0   Data   RO          178    .constdata          lcd.o
    0x0800a8b8   0x00000020   Data   RO          832    Region$$Table       anon$$obj.o


    Execution Region RW_IRAM1 (Base: 0x20000000, Size: 0x00000780, Max: 0x00005000, ABSOLUTE, COMPRESSED[0x00000068])

    Base Addr    Size         Type   Attr      Idx    E Section Name        Object

    0x20000000   0x00000081   Data   RW            2    .data               main.o
    0x20000081   0x00000003   PAD
    0x20000084   0x0000008a   Data   RW          145    .data               figure.o
    0x2000010e   0x00000004   Data   RW          179    .data               lcd.o
    0x20000112   0x00000084   Data   RW          250    .data               servo.o
    0x20000196   0x0000008a   Data   RW          279    .data               loop.o
    0x20000220   0x0000007f   Data   RW          311    .data               dht11.o
    0x2000029f   0x00000001   PAD
    0x200002a0   0x00000080   Data   RW          344    .data               smoke.o
    0x20000320   0x00000004   Data   RW          363    .data               delay.o
    0x20000324   0x00000004   Data   RW          389    .data               usart.o
    0x20000328   0x00000014   Data   RW          444    .data               stm32f10x_rcc.o
    0x2000033c   0x00000014   Data   RW          505    .data               system_stm32f10x.o
    0x20000350   0x00000012   Zero   RW          144    .bss                figure.o
    0x20000362   0x0000000e   Zero   RW          177    .bss                lcd.o
    0x20000370   0x0000000b   Zero   RW          249    .bss                servo.o
    0x2000037b   0x00000005   PAD
    0x20000380   0x00000400   Zero   RW          522    STACK               startup_stm32f10x_hd.o


==============================================================================

Image component sizes


      Code (inc. data)   RO Data    RW Data    ZI Data      Debug   Object Name

       232          8          0          0          0       1059   adc.o
        88          6          0          0          0        589   beep.o
         0          0          0          0          0         32   core_cm3.o
       168          8          0          4          0       1023   delay.o
       472         24          0        127          0       2604   dht11.o
       324         18          0          0          0       1086   exti.o
      1400        204          0        138         18       4929   figure.o
        52         10          0          0          0        444   fire.o
        84          8          0          0          0        503   key.o
     22684        206       6080          4         14      23712   lcd.o
       100          8          0          0          0        499   led.o
       104         10          0        138          0       1393   loop.o
       316         86          0        129          0     266105   main.o
       220         20          0          0          0       1761   misc.o
       324         18          0        132         11       2307   servo.o
        44          6          0        128          0        803   smoke.o
        36          8        304          0       1024        780   startup_stm32f10x_hd.o
      1102         26          0          0          0      10793   stm32f10x_adc.o
       284         10          0          0          0       2195   stm32f10x_exti.o
       856         40          0          0          0       5605   stm32f10x_gpio.o
       316         78          0          0          0       1518   stm32f10x_it.o
       932         44          0         20          0       8756   stm32f10x_rcc.o
      3610         88          0          0          0      22092   stm32f10x_tim.o
      1032         22          0          0          0       8328   stm32f10x_usart.o
        12          0          0          0          0        449   system.o
       476         36          0         20          0       1835   system_stm32f10x.o
       116          6          0          0          0        656   timer.o
       340         14          0          4          0       3393   usart.o

    ----------------------------------------------------------------------
     35728       1012       6416        848       1072     375249   Object Totals
         0          0         32          0          0          0   (incl. Generated)
         4          0          0          4          5          0   (incl. Padding)

    ----------------------------------------------------------------------

      Code (inc. data)   RO Data    RW Data    ZI Data      Debug   Library Member Name

        92          0          0          0          0          0   __dczerorl2.o
         0          0          0          0          0          0   entry.o
         0          0          0          0          0          0   entry10a.o
         0          0          0          0          0          0   entry11a.o
         8          4          0          0          0          0   entry2.o
         4          0          0          0          0          0   entry5.o
         0          0          0          0          0          0   entry7b.o
         0          0          0          0          0          0   entry8b.o
         8          4          0          0          0          0   entry9a.o
        30          0          0          0          0          0   handlers.o
        36          8          0          0          0         68   init.o
        30          0          0          0          0         68   llshl.o
        32          0          0          0          0         68   llushr.o
       736         56          0          0          0        184   printf5.o
        98          0          0          0          0         92   uldiv.o

    ----------------------------------------------------------------------
      1080         72          0          0          0        480   Library Totals
         6          0          0          0          0          0   (incl. Padding)

    ----------------------------------------------------------------------

      Code (inc. data)   RO Data    RW Data    ZI Data      Debug   Library Name

      1074         72          0          0          0        480   mc_w.l

    ----------------------------------------------------------------------
      1080         72          0          0          0        480   Library Totals

    ----------------------------------------------------------------------

==============================================================================


      Code (inc. data)   RO Data    RW Data    ZI Data      Debug   

     36808       1084       6416        848       1072     373389   Grand Totals
     36808       1084       6416        104       1072     373389   ELF Image Totals (compressed)
     36808       1084       6416        104          0          0   ROM Totals

==============================================================================

    Total RO  Size (Code + RO Data)                43224 (  42.21kB)
    Total RW  Size (RW Data + ZI Data)              1920 (   1.88kB)
    Total ROM Size (Code + RO Data + RW Data)      43328 (  42.31kB)

==============================================================================

